d:\my projects\dark-basic-pro\install\compiler\plugins\camera.bsc
d:\my projects\dark-basic-pro\dark basic public shared\dark basic pro sdk\darksdk\camera\debug\vc143.pdb
d:\my projects\dark-basic-pro\dark basic public shared\dark basic pro sdk\darksdk\camera\debug\ccamerac.sbr
d:\my projects\dark-basic-pro\dark basic public shared\dark basic pro sdk\darksdk\camera\debug\ccameramanagerc.sbr
d:\my projects\dark-basic-pro\dark basic public shared\dark basic pro sdk\darksdk\camera\debug\cdatac.sbr
d:\my projects\dark-basic-pro\dark basic public shared\dark basic pro sdk\darksdk\camera\debug\cerror.sbr
d:\my projects\dark-basic-pro\dark basic public shared\dark basic pro sdk\darksdk\camera\debug\dllmain.sbr
d:\my projects\dark-basic-pro\dark basic public shared\dark basic pro sdk\darksdk\camera\debug\dllmain.obj
d:\my projects\dark-basic-pro\dark basic public shared\dark basic pro sdk\darksdk\camera\debug\cerror.obj
d:\my projects\dark-basic-pro\dark basic public shared\dark basic pro sdk\darksdk\camera\debug\cdatac.obj
d:\my projects\dark-basic-pro\dark basic public shared\dark basic pro sdk\darksdk\camera\debug\ccameramanagerc.obj
d:\my projects\dark-basic-pro\dark basic public shared\dark basic pro sdk\darksdk\camera\debug\ccamerac.obj
d:\my projects\dark-basic-pro\dark basic public shared\dark basic pro sdk\darksdk\camera\debug\ccameradatac.sbr
d:\my projects\dark-basic-pro\dark basic public shared\dark basic pro sdk\darksdk\camera\debug\stereoscopics.sbr
d:\my projects\dark-basic-pro\dark basic public shared\dark basic pro sdk\darksdk\camera\debug\texturebackdrop.sbr
d:\my projects\dark-basic-pro\dark basic public shared\dark basic pro sdk\darksdk\camera\debug\texturebackdrop.obj
d:\my projects\dark-basic-pro\dark basic public shared\dark basic pro sdk\darksdk\camera\debug\stereoscopics.obj
d:\my projects\dark-basic-pro\dark basic public shared\dark basic pro sdk\darksdk\camera\debug\ccameradatac.obj
d:\my projects\dark-basic-pro\install\compiler\plugins\dbprocameradebug.dll
d:\my projects\dark-basic-pro\dark basic public shared\dark basic pro sdk\darksdk\camera\debug\dbprocameradebug.pdb
d:\my projects\dark-basic-pro\dark basic public shared\dark basic pro sdk\darksdk\camera\debug\dbprocameradebug.lib
d:\my projects\dark-basic-pro\dark basic public shared\dark basic pro sdk\darksdk\camera\debug\dbprocameradebug.exp
d:\my projects\dark-basic-pro\dark basic public shared\dark basic pro sdk\darksdk\camera\debug\camera.res
d:\my projects\dark-basic-pro\dark basic public shared\dark basic pro sdk\darksdk\camera\..\..\..\..\install\compiler\plugins\camera.bsc
d:\my projects\dark-basic-pro\dark basic public shared\dark basic pro sdk\darksdk\camera\debug\camera.vcxproj.filelistabsolute.txt
d:\my projects\dark-basic-pro\dark basic public shared\dark basic pro sdk\darksdk\camera\debug\camera.tlog\bscmake.command.1.tlog
d:\my projects\dark-basic-pro\dark basic public shared\dark basic pro sdk\darksdk\camera\debug\camera.tlog\bscmake.read.1.tlog
d:\my projects\dark-basic-pro\dark basic public shared\dark basic pro sdk\darksdk\camera\debug\camera.tlog\bscmake.write.1.tlog
d:\my projects\dark-basic-pro\dark basic public shared\dark basic pro sdk\darksdk\camera\debug\camera.tlog\cl.command.1.tlog
d:\my projects\dark-basic-pro\dark basic public shared\dark basic pro sdk\darksdk\camera\debug\camera.tlog\cl.items.tlog
d:\my projects\dark-basic-pro\dark basic public shared\dark basic pro sdk\darksdk\camera\debug\camera.tlog\cl.read.1.tlog
d:\my projects\dark-basic-pro\dark basic public shared\dark basic pro sdk\darksdk\camera\debug\camera.tlog\cl.write.1.tlog
d:\my projects\dark-basic-pro\dark basic public shared\dark basic pro sdk\darksdk\camera\debug\camera.tlog\link.command.1.tlog
d:\my projects\dark-basic-pro\dark basic public shared\dark basic pro sdk\darksdk\camera\debug\camera.tlog\link.read.1.tlog
d:\my projects\dark-basic-pro\dark basic public shared\dark basic pro sdk\darksdk\camera\debug\camera.tlog\link.write.1.tlog
d:\my projects\dark-basic-pro\dark basic public shared\dark basic pro sdk\darksdk\camera\debug\camera.tlog\link.write.2u.tlog
d:\my projects\dark-basic-pro\dark basic public shared\dark basic pro sdk\darksdk\camera\debug\camera.tlog\rc.command.1.tlog
d:\my projects\dark-basic-pro\dark basic public shared\dark basic pro sdk\darksdk\camera\debug\camera.tlog\rc.read.1.tlog
d:\my projects\dark-basic-pro\dark basic public shared\dark basic pro sdk\darksdk\camera\debug\camera.tlog\rc.write.1.tlog
