  DBOBlock.cpp
D:\My Projects\Dark-Basic-Pro\Dark Basic Public Shared\Dark Basic Pro SDK\SHARED\DBOFORMAT\DBOData.h(12,10): error C1083: Cannot open include file: 'd3dx9.h': No such file or directory
  (compiling source file '../../SHARED/DBOFORMAT/DBOBlock.cpp')
  
  DBOData.cpp
D:\My Projects\Dark-Basic-Pro\Dark Basic Public Shared\Dark Basic Pro SDK\SHARED\DBOFORMAT\DBOData.h(12,10): error C1083: Cannot open include file: 'd3dx9.h': No such file or directory
  (compiling source file '../../SHARED/DBOFORMAT/DBOData.cpp')
  
  DBOEffects.cpp
D:\My Projects\Dark-Basic-Pro\Dark Basic Public Shared\Dark Basic Pro SDK\SHARED\DBOFORMAT\DBOEffects.h(15,10): error C1083: Cannot open include file: 'd3dx9.h': No such file or directory
  (compiling source file '../../SHARED/DBOFORMAT/DBOEffects.cpp')
  
  DBOExternals.cpp
D:\My Projects\Dark-Basic-Pro\Dark Basic Public Shared\Dark Basic Pro SDK\SHARED\DBOFORMAT\DBOExternals.h(15,10): error C1083: Cannot open include file: 'd3dx9.h': No such file or directory
  (compiling source file '../../SHARED/DBOFORMAT/DBOExternals.cpp')
  
  DBOFile.cpp
D:\My Projects\Dark-Basic-Pro\Dark Basic Public Shared\Dark Basic Pro SDK\SHARED\DBOFORMAT\DBOData.h(12,10): error C1083: Cannot open include file: 'd3dx9.h': No such file or directory
  (compiling source file '../../SHARED/DBOFORMAT/DBOFile.cpp')
  
  DBOFormat.cpp
D:\My Projects\Dark-Basic-Pro\Dark Basic Public Shared\Dark Basic Pro SDK\SHARED\DBOFORMAT\DBOFormat.h(14,10): error C1083: Cannot open include file: 'd3dx9.h': No such file or directory
  (compiling source file '../../SHARED/DBOFORMAT/DBOFormat.cpp')
  
  DBOFrame.cpp
D:\My Projects\Dark-Basic-Pro\Dark Basic Public Shared\Dark Basic Pro SDK\SHARED\DBOFORMAT\DBOFormat.h(14,10): error C1083: Cannot open include file: 'd3dx9.h': No such file or directory
  (compiling source file '../../SHARED/DBOFORMAT/DBOFrame.cpp')
  
  DBOMesh.cpp
D:\My Projects\Dark-Basic-Pro\Dark Basic Public Shared\Dark Basic Pro SDK\SHARED\DBOFORMAT\DBOFormat.h(14,10): error C1083: Cannot open include file: 'd3dx9.h': No such file or directory
  (compiling source file '../../SHARED/DBOFORMAT/DBOMesh.cpp')
  
  DBORawMesh.cpp
D:\My Projects\Dark-Basic-Pro\Dark Basic Public Shared\Dark Basic Pro SDK\SHARED\DBOFORMAT\DBOFormat.h(14,10): error C1083: Cannot open include file: 'd3dx9.h': No such file or directory
  (compiling source file '../../SHARED/DBOFORMAT/DBORawMesh.cpp')
  
  NVMeshMenderD3DX.cpp
D:\My Projects\Dark-Basic-Pro\Dark Basic Public Shared\Dark Basic Pro SDK\SHARED\DBOFORMAT\Extras\NVMeshMenderD3DX.cpp(97,10): error C1083: Cannot open include file: 'd3dx9.h': No such file or directory
  CError.cpp
  Conv3DS.cpp
D:\My Projects\Dark-Basic-Pro\Dark Basic Public Shared\Dark Basic Pro SDK\Shared\DBOFormat\DBOData.h(12,10): error C1083: Cannot open include file: 'd3dx9.h': No such file or directory
  (compiling source file '../../Shared/Conv3DS/Conv3DS.cpp')
  
  d3dmath.cpp
D:\My Projects\Dark-Basic-Pro\Dark Basic Public Shared\Dark Basic Pro SDK\Shared\Conv3DS\D3DMath.h(12,10): error C1083: Cannot open include file: 'D3DX9.h': No such file or directory
  (compiling source file '../../Shared/Conv3DS/d3dmath.cpp')
  
  Generating Code...
