d:\my projects\dark-basic-pro\install\compiler\plugins\particles.bsc
d:\my projects\dark-basic-pro\dark basic public shared\dark basic pro sdk\darksdk\particles\debug\vc143.pdb
d:\my projects\dark-basic-pro\dark basic public shared\dark basic pro sdk\darksdk\particles\debug\cparticlec.sbr
d:\my projects\dark-basic-pro\dark basic public shared\dark basic pro sdk\darksdk\particles\debug\cparticlemanagerc.sbr
d:\my projects\dark-basic-pro\dark basic public shared\dark basic pro sdk\darksdk\particles\debug\cbaseparticlec.sbr
d:\my projects\dark-basic-pro\dark basic public shared\dark basic pro sdk\darksdk\particles\debug\csnowc.sbr
d:\my projects\dark-basic-pro\dark basic public shared\dark basic pro sdk\darksdk\particles\debug\cdatac.sbr
d:\my projects\dark-basic-pro\dark basic public shared\dark basic pro sdk\darksdk\particles\debug\cpositionc.sbr
d:\my projects\dark-basic-pro\dark basic public shared\dark basic pro sdk\darksdk\particles\debug\cerror.sbr
d:\my projects\dark-basic-pro\dark basic public shared\dark basic pro sdk\darksdk\particles\debug\dllmain.sbr
d:\my projects\dark-basic-pro\dark basic public shared\dark basic pro sdk\darksdk\particles\debug\dllmain.obj
d:\my projects\dark-basic-pro\dark basic public shared\dark basic pro sdk\darksdk\particles\debug\cerror.obj
d:\my projects\dark-basic-pro\dark basic public shared\dark basic pro sdk\darksdk\particles\debug\cpositionc.obj
d:\my projects\dark-basic-pro\dark basic public shared\dark basic pro sdk\darksdk\particles\debug\cdatac.obj
d:\my projects\dark-basic-pro\dark basic public shared\dark basic pro sdk\darksdk\particles\debug\csnowc.obj
d:\my projects\dark-basic-pro\dark basic public shared\dark basic pro sdk\darksdk\particles\debug\cbaseparticlec.obj
d:\my projects\dark-basic-pro\dark basic public shared\dark basic pro sdk\darksdk\particles\debug\cparticlemanagerc.obj
d:\my projects\dark-basic-pro\dark basic public shared\dark basic pro sdk\darksdk\particles\debug\cparticlec.obj
d:\my projects\dark-basic-pro\install\compiler\plugins\dbproparticlesdebug.dll
d:\my projects\dark-basic-pro\dark basic public shared\dark basic pro sdk\darksdk\particles\debug\dbproparticlesdebug.pdb
d:\my projects\dark-basic-pro\dark basic public shared\dark basic pro sdk\darksdk\particles\debug\dbproparticlesdebug.lib
d:\my projects\dark-basic-pro\dark basic public shared\dark basic pro sdk\darksdk\particles\debug\dbproparticlesdebug.exp
d:\my projects\dark-basic-pro\dark basic public shared\dark basic pro sdk\darksdk\particles\debug\particles.res
d:\my projects\dark-basic-pro\dark basic public shared\dark basic pro sdk\darksdk\particles\..\..\..\..\install\compiler\plugins\particles.bsc
d:\my projects\dark-basic-pro\dark basic public shared\dark basic pro sdk\darksdk\particles\debug\particles.vcxproj.filelistabsolute.txt
d:\my projects\dark-basic-pro\dark basic public shared\dark basic pro sdk\darksdk\particles\debug\particles.tlog\bscmake.command.1.tlog
d:\my projects\dark-basic-pro\dark basic public shared\dark basic pro sdk\darksdk\particles\debug\particles.tlog\bscmake.read.1.tlog
d:\my projects\dark-basic-pro\dark basic public shared\dark basic pro sdk\darksdk\particles\debug\particles.tlog\bscmake.write.1.tlog
d:\my projects\dark-basic-pro\dark basic public shared\dark basic pro sdk\darksdk\particles\debug\particles.tlog\cl.command.1.tlog
d:\my projects\dark-basic-pro\dark basic public shared\dark basic pro sdk\darksdk\particles\debug\particles.tlog\cl.items.tlog
d:\my projects\dark-basic-pro\dark basic public shared\dark basic pro sdk\darksdk\particles\debug\particles.tlog\cl.read.1.tlog
d:\my projects\dark-basic-pro\dark basic public shared\dark basic pro sdk\darksdk\particles\debug\particles.tlog\cl.write.1.tlog
d:\my projects\dark-basic-pro\dark basic public shared\dark basic pro sdk\darksdk\particles\debug\particles.tlog\link.command.1.tlog
d:\my projects\dark-basic-pro\dark basic public shared\dark basic pro sdk\darksdk\particles\debug\particles.tlog\link.read.1.tlog
d:\my projects\dark-basic-pro\dark basic public shared\dark basic pro sdk\darksdk\particles\debug\particles.tlog\link.write.1.tlog
d:\my projects\dark-basic-pro\dark basic public shared\dark basic pro sdk\darksdk\particles\debug\particles.tlog\link.write.2u.tlog
d:\my projects\dark-basic-pro\dark basic public shared\dark basic pro sdk\darksdk\particles\debug\particles.tlog\rc.command.1.tlog
d:\my projects\dark-basic-pro\dark basic public shared\dark basic pro sdk\darksdk\particles\debug\particles.tlog\rc.read.1.tlog
d:\my projects\dark-basic-pro\dark basic public shared\dark basic pro sdk\darksdk\particles\debug\particles.tlog\rc.write.1.tlog
