d:\my projects\dark-basic-pro\install\compiler\plugins\dbdllcore.bsc
d:\my projects\dark-basic-pro\dark basic public shared\dark basic pro sdk\darksdk\core\debug\vc143.pdb
d:\my projects\dark-basic-pro\dark basic public shared\dark basic pro sdk\darksdk\core\debug\dbdllcore.sbr
d:\my projects\dark-basic-pro\dark basic public shared\dark basic pro sdk\darksdk\core\debug\dbdllcoreinternal.sbr
d:\my projects\dark-basic-pro\dark basic public shared\dark basic pro sdk\darksdk\core\debug\dbdlldisplay.sbr
d:\my projects\dark-basic-pro\dark basic public shared\dark basic pro sdk\darksdk\core\debug\dbdllext.sbr
d:\my projects\dark-basic-pro\dark basic public shared\dark basic pro sdk\darksdk\core\debug\dbdllextcalls.sbr
d:\my projects\dark-basic-pro\dark basic public shared\dark basic pro sdk\darksdk\core\debug\dbdllgdi.sbr
d:\my projects\dark-basic-pro\dark basic public shared\dark basic pro sdk\darksdk\core\debug\globstruct.sbr
d:\my projects\dark-basic-pro\dark basic public shared\dark basic pro sdk\darksdk\core\debug\encryptor.sbr
d:\my projects\dark-basic-pro\dark basic public shared\dark basic pro sdk\darksdk\core\debug\cerror.sbr
d:\my projects\dark-basic-pro\dark basic public shared\dark basic pro sdk\darksdk\core\debug\cerror.obj
d:\my projects\dark-basic-pro\dark basic public shared\dark basic pro sdk\darksdk\core\debug\encryptor.obj
d:\my projects\dark-basic-pro\dark basic public shared\dark basic pro sdk\darksdk\core\debug\globstruct.obj
d:\my projects\dark-basic-pro\dark basic public shared\dark basic pro sdk\darksdk\core\debug\dbdllgdi.obj
d:\my projects\dark-basic-pro\dark basic public shared\dark basic pro sdk\darksdk\core\debug\dbdllextcalls.obj
d:\my projects\dark-basic-pro\dark basic public shared\dark basic pro sdk\darksdk\core\debug\dbdllext.obj
d:\my projects\dark-basic-pro\dark basic public shared\dark basic pro sdk\darksdk\core\debug\dbdlldisplay.obj
d:\my projects\dark-basic-pro\dark basic public shared\dark basic pro sdk\darksdk\core\debug\dbdllcoreinternal.obj
d:\my projects\dark-basic-pro\dark basic public shared\dark basic pro sdk\darksdk\core\debug\dbdllcore.obj
d:\my projects\dark-basic-pro\dark basic public shared\dark basic pro sdk\darksdk\core\debug\renderlist.sbr
d:\my projects\dark-basic-pro\dark basic public shared\dark basic pro sdk\darksdk\core\debug\steamcheckforworkshop.sbr
d:\my projects\dark-basic-pro\dark basic public shared\dark basic pro sdk\darksdk\core\debug\darkmemorymanager.sbr
d:\my projects\dark-basic-pro\dark basic public shared\dark basic pro sdk\darksdk\core\debug\darkmemorymanager.obj
d:\my projects\dark-basic-pro\dark basic public shared\dark basic pro sdk\darksdk\core\debug\steamcheckforworkshop.obj
d:\my projects\dark-basic-pro\dark basic public shared\dark basic pro sdk\darksdk\core\debug\renderlist.obj
d:\my projects\dark-basic-pro\dark basic public shared\dark basic pro sdk\darksdk\core\debug\dbdllcore.ilk
d:\my projects\dark-basic-pro\install\compiler\plugins\dbprocore.dll
d:\my projects\dark-basic-pro\dark basic public shared\dark basic pro sdk\darksdk\core\debug\dbprocore.pdb
d:\my projects\dark-basic-pro\dark basic public shared\dark basic pro sdk\darksdk\core\debug\dbprocore.lib
d:\my projects\dark-basic-pro\dark basic public shared\dark basic pro sdk\darksdk\core\debug\dbprocore.exp
d:\my projects\dark-basic-pro\dark basic public shared\dark basic pro sdk\darksdk\core\debug\dbdllcore.res
d:\my projects\dark-basic-pro\dark basic public shared\dark basic pro sdk\darksdk\core\..\..\..\..\install\compiler\plugins\dbdllcore.bsc
d:\my projects\dark-basic-pro\dark basic public shared\dark basic pro sdk\darksdk\core\debug\dbdllcore.vcxproj.filelistabsolute.txt
d:\my projects\dark-basic-pro\dark basic public shared\dark basic pro sdk\darksdk\core\debug\dbdllcore.tlog\bscmake.command.1.tlog
d:\my projects\dark-basic-pro\dark basic public shared\dark basic pro sdk\darksdk\core\debug\dbdllcore.tlog\bscmake.read.1.tlog
d:\my projects\dark-basic-pro\dark basic public shared\dark basic pro sdk\darksdk\core\debug\dbdllcore.tlog\bscmake.write.1.tlog
d:\my projects\dark-basic-pro\dark basic public shared\dark basic pro sdk\darksdk\core\debug\dbdllcore.tlog\cl.command.1.tlog
d:\my projects\dark-basic-pro\dark basic public shared\dark basic pro sdk\darksdk\core\debug\dbdllcore.tlog\cl.items.tlog
d:\my projects\dark-basic-pro\dark basic public shared\dark basic pro sdk\darksdk\core\debug\dbdllcore.tlog\cl.read.1.tlog
d:\my projects\dark-basic-pro\dark basic public shared\dark basic pro sdk\darksdk\core\debug\dbdllcore.tlog\cl.write.1.tlog
d:\my projects\dark-basic-pro\dark basic public shared\dark basic pro sdk\darksdk\core\debug\dbdllcore.tlog\link.command.1.tlog
d:\my projects\dark-basic-pro\dark basic public shared\dark basic pro sdk\darksdk\core\debug\dbdllcore.tlog\link.read.1.tlog
d:\my projects\dark-basic-pro\dark basic public shared\dark basic pro sdk\darksdk\core\debug\dbdllcore.tlog\link.write.1.tlog
d:\my projects\dark-basic-pro\dark basic public shared\dark basic pro sdk\darksdk\core\debug\dbdllcore.tlog\link.write.2u.tlog
d:\my projects\dark-basic-pro\dark basic public shared\dark basic pro sdk\darksdk\core\debug\dbdllcore.tlog\rc.command.1.tlog
d:\my projects\dark-basic-pro\dark basic public shared\dark basic pro sdk\darksdk\core\debug\dbdllcore.tlog\rc.read.1.tlog
d:\my projects\dark-basic-pro\dark basic public shared\dark basic pro sdk\darksdk\core\debug\dbdllcore.tlog\rc.write.1.tlog
