d:\my projects\dark-basic-pro\install\compiler\plugins-user\bullet.bsc
d:\my projects\dark-basic-pro\dark basic public shared\dark basic pro sdk\darksdk\bullet\debug\vc143.pdb
d:\my projects\dark-basic-pro\dark basic public shared\dark basic pro sdk\darksdk\bullet\debug\btaxissweep3.sbr
d:\my projects\dark-basic-pro\dark basic public shared\dark basic pro sdk\darksdk\bullet\debug\btbroadphaseproxy.sbr
d:\my projects\dark-basic-pro\dark basic public shared\dark basic pro sdk\darksdk\bullet\debug\btcollisionalgorithm.sbr
d:\my projects\dark-basic-pro\dark basic public shared\dark basic pro sdk\darksdk\bullet\debug\btdbvt.sbr
d:\my projects\dark-basic-pro\dark basic public shared\dark basic pro sdk\darksdk\bullet\debug\btdbvtbroadphase.sbr
d:\my projects\dark-basic-pro\dark basic public shared\dark basic pro sdk\darksdk\bullet\debug\btdispatcher.sbr
d:\my projects\dark-basic-pro\dark basic public shared\dark basic pro sdk\darksdk\bullet\debug\btmultisapbroadphase.sbr
d:\my projects\dark-basic-pro\dark basic public shared\dark basic pro sdk\darksdk\bullet\debug\btoverlappingpaircache.sbr
d:\my projects\dark-basic-pro\dark basic public shared\dark basic pro sdk\darksdk\bullet\debug\btquantizedbvh.sbr
d:\my projects\dark-basic-pro\dark basic public shared\dark basic pro sdk\darksdk\bullet\debug\btsimplebroadphase.sbr
d:\my projects\dark-basic-pro\dark basic public shared\dark basic pro sdk\darksdk\bullet\debug\btactivatingcollisionalgorithm.sbr
d:\my projects\dark-basic-pro\dark basic public shared\dark basic pro sdk\darksdk\bullet\debug\btbox2dbox2dcollisionalgorithm.sbr
d:\my projects\dark-basic-pro\dark basic public shared\dark basic pro sdk\darksdk\bullet\debug\btboxboxcollisionalgorithm.sbr
d:\my projects\dark-basic-pro\dark basic public shared\dark basic pro sdk\darksdk\bullet\debug\btboxboxdetector.sbr
d:\my projects\dark-basic-pro\dark basic public shared\dark basic pro sdk\darksdk\bullet\debug\btcollisiondispatcher.sbr
d:\my projects\dark-basic-pro\dark basic public shared\dark basic pro sdk\darksdk\bullet\debug\btcollisionobject.sbr
d:\my projects\dark-basic-pro\dark basic public shared\dark basic pro sdk\darksdk\bullet\debug\btcollisionworld.sbr
d:\my projects\dark-basic-pro\dark basic public shared\dark basic pro sdk\darksdk\bullet\debug\btcompoundcollisionalgorithm.sbr
d:\my projects\dark-basic-pro\dark basic public shared\dark basic pro sdk\darksdk\bullet\debug\btconvex2dconvex2dalgorithm.sbr
d:\my projects\dark-basic-pro\dark basic public shared\dark basic pro sdk\darksdk\bullet\debug\btconvexconcavecollisionalgorithm.sbr
d:\my projects\dark-basic-pro\dark basic public shared\dark basic pro sdk\darksdk\bullet\debug\btconvexconcavecollisionalgorithm.obj
d:\my projects\dark-basic-pro\dark basic public shared\dark basic pro sdk\darksdk\bullet\debug\btconvex2dconvex2dalgorithm.obj
d:\my projects\dark-basic-pro\dark basic public shared\dark basic pro sdk\darksdk\bullet\debug\btcompoundcollisionalgorithm.obj
d:\my projects\dark-basic-pro\dark basic public shared\dark basic pro sdk\darksdk\bullet\debug\btcollisionworld.obj
d:\my projects\dark-basic-pro\dark basic public shared\dark basic pro sdk\darksdk\bullet\debug\btcollisionobject.obj
d:\my projects\dark-basic-pro\dark basic public shared\dark basic pro sdk\darksdk\bullet\debug\btcollisiondispatcher.obj
d:\my projects\dark-basic-pro\dark basic public shared\dark basic pro sdk\darksdk\bullet\debug\btboxboxdetector.obj
d:\my projects\dark-basic-pro\dark basic public shared\dark basic pro sdk\darksdk\bullet\debug\btboxboxcollisionalgorithm.obj
d:\my projects\dark-basic-pro\dark basic public shared\dark basic pro sdk\darksdk\bullet\debug\btbox2dbox2dcollisionalgorithm.obj
d:\my projects\dark-basic-pro\dark basic public shared\dark basic pro sdk\darksdk\bullet\debug\btactivatingcollisionalgorithm.obj
d:\my projects\dark-basic-pro\dark basic public shared\dark basic pro sdk\darksdk\bullet\debug\btsimplebroadphase.obj
d:\my projects\dark-basic-pro\dark basic public shared\dark basic pro sdk\darksdk\bullet\debug\btquantizedbvh.obj
d:\my projects\dark-basic-pro\dark basic public shared\dark basic pro sdk\darksdk\bullet\debug\btoverlappingpaircache.obj
d:\my projects\dark-basic-pro\dark basic public shared\dark basic pro sdk\darksdk\bullet\debug\btmultisapbroadphase.obj
d:\my projects\dark-basic-pro\dark basic public shared\dark basic pro sdk\darksdk\bullet\debug\btdispatcher.obj
d:\my projects\dark-basic-pro\dark basic public shared\dark basic pro sdk\darksdk\bullet\debug\btdbvtbroadphase.obj
d:\my projects\dark-basic-pro\dark basic public shared\dark basic pro sdk\darksdk\bullet\debug\btdbvt.obj
d:\my projects\dark-basic-pro\dark basic public shared\dark basic pro sdk\darksdk\bullet\debug\btcollisionalgorithm.obj
d:\my projects\dark-basic-pro\dark basic public shared\dark basic pro sdk\darksdk\bullet\debug\btbroadphaseproxy.obj
d:\my projects\dark-basic-pro\dark basic public shared\dark basic pro sdk\darksdk\bullet\debug\btaxissweep3.obj
d:\my projects\dark-basic-pro\dark basic public shared\dark basic pro sdk\darksdk\bullet\debug\btconvexconvexalgorithm.sbr
d:\my projects\dark-basic-pro\dark basic public shared\dark basic pro sdk\darksdk\bullet\debug\btconvexplanecollisionalgorithm.sbr
d:\my projects\dark-basic-pro\dark basic public shared\dark basic pro sdk\darksdk\bullet\debug\btdefaultcollisionconfiguration.sbr
d:\my projects\dark-basic-pro\dark basic public shared\dark basic pro sdk\darksdk\bullet\debug\btemptycollisionalgorithm.sbr
d:\my projects\dark-basic-pro\dark basic public shared\dark basic pro sdk\darksdk\bullet\debug\btghostobject.sbr
d:\my projects\dark-basic-pro\dark basic public shared\dark basic pro sdk\darksdk\bullet\debug\btinternaledgeutility.sbr
d:\my projects\dark-basic-pro\dark basic public shared\dark basic pro sdk\darksdk\bullet\debug\btmanifoldresult.sbr
d:\my projects\dark-basic-pro\dark basic public shared\dark basic pro sdk\darksdk\bullet\debug\btsimulationislandmanager.sbr
d:\my projects\dark-basic-pro\dark basic public shared\dark basic pro sdk\darksdk\bullet\debug\btsphereboxcollisionalgorithm.sbr
d:\my projects\dark-basic-pro\dark basic public shared\dark basic pro sdk\darksdk\bullet\debug\btspherespherecollisionalgorithm.sbr
d:\my projects\dark-basic-pro\dark basic public shared\dark basic pro sdk\darksdk\bullet\debug\btspheretrianglecollisionalgorithm.sbr
d:\my projects\dark-basic-pro\dark basic public shared\dark basic pro sdk\darksdk\bullet\debug\btunionfind.sbr
d:\my projects\dark-basic-pro\dark basic public shared\dark basic pro sdk\darksdk\bullet\debug\spheretriangledetector.sbr
d:\my projects\dark-basic-pro\dark basic public shared\dark basic pro sdk\darksdk\bullet\debug\btbox2dshape.sbr
d:\my projects\dark-basic-pro\dark basic public shared\dark basic pro sdk\darksdk\bullet\debug\btboxshape.sbr
d:\my projects\dark-basic-pro\dark basic public shared\dark basic pro sdk\darksdk\bullet\debug\btbvhtrianglemeshshape.sbr
d:\my projects\dark-basic-pro\dark basic public shared\dark basic pro sdk\darksdk\bullet\debug\btcapsuleshape.sbr
d:\my projects\dark-basic-pro\dark basic public shared\dark basic pro sdk\darksdk\bullet\debug\btcollisionshape.sbr
d:\my projects\dark-basic-pro\dark basic public shared\dark basic pro sdk\darksdk\bullet\debug\btcompoundshape.sbr
d:\my projects\dark-basic-pro\dark basic public shared\dark basic pro sdk\darksdk\bullet\debug\btconcaveshape.sbr
d:\my projects\dark-basic-pro\dark basic public shared\dark basic pro sdk\darksdk\bullet\debug\btconcaveshape.obj
d:\my projects\dark-basic-pro\dark basic public shared\dark basic pro sdk\darksdk\bullet\debug\btcompoundshape.obj
d:\my projects\dark-basic-pro\dark basic public shared\dark basic pro sdk\darksdk\bullet\debug\btcollisionshape.obj
d:\my projects\dark-basic-pro\dark basic public shared\dark basic pro sdk\darksdk\bullet\debug\btcapsuleshape.obj
d:\my projects\dark-basic-pro\dark basic public shared\dark basic pro sdk\darksdk\bullet\debug\btbvhtrianglemeshshape.obj
d:\my projects\dark-basic-pro\dark basic public shared\dark basic pro sdk\darksdk\bullet\debug\btboxshape.obj
d:\my projects\dark-basic-pro\dark basic public shared\dark basic pro sdk\darksdk\bullet\debug\btbox2dshape.obj
d:\my projects\dark-basic-pro\dark basic public shared\dark basic pro sdk\darksdk\bullet\debug\spheretriangledetector.obj
d:\my projects\dark-basic-pro\dark basic public shared\dark basic pro sdk\darksdk\bullet\debug\btunionfind.obj
d:\my projects\dark-basic-pro\dark basic public shared\dark basic pro sdk\darksdk\bullet\debug\btspheretrianglecollisionalgorithm.obj
d:\my projects\dark-basic-pro\dark basic public shared\dark basic pro sdk\darksdk\bullet\debug\btspherespherecollisionalgorithm.obj
d:\my projects\dark-basic-pro\dark basic public shared\dark basic pro sdk\darksdk\bullet\debug\btsphereboxcollisionalgorithm.obj
d:\my projects\dark-basic-pro\dark basic public shared\dark basic pro sdk\darksdk\bullet\debug\btsimulationislandmanager.obj
d:\my projects\dark-basic-pro\dark basic public shared\dark basic pro sdk\darksdk\bullet\debug\btmanifoldresult.obj
d:\my projects\dark-basic-pro\dark basic public shared\dark basic pro sdk\darksdk\bullet\debug\btinternaledgeutility.obj
d:\my projects\dark-basic-pro\dark basic public shared\dark basic pro sdk\darksdk\bullet\debug\btghostobject.obj
d:\my projects\dark-basic-pro\dark basic public shared\dark basic pro sdk\darksdk\bullet\debug\btemptycollisionalgorithm.obj
d:\my projects\dark-basic-pro\dark basic public shared\dark basic pro sdk\darksdk\bullet\debug\btdefaultcollisionconfiguration.obj
d:\my projects\dark-basic-pro\dark basic public shared\dark basic pro sdk\darksdk\bullet\debug\btconvexplanecollisionalgorithm.obj
d:\my projects\dark-basic-pro\dark basic public shared\dark basic pro sdk\darksdk\bullet\debug\btconvexconvexalgorithm.obj
d:\my projects\dark-basic-pro\dark basic public shared\dark basic pro sdk\darksdk\bullet\debug\btconeshape.sbr
d:\my projects\dark-basic-pro\dark basic public shared\dark basic pro sdk\darksdk\bullet\debug\btconvex2dshape.sbr
d:\my projects\dark-basic-pro\dark basic public shared\dark basic pro sdk\darksdk\bullet\debug\btconvexhullshape.sbr
d:\my projects\dark-basic-pro\dark basic public shared\dark basic pro sdk\darksdk\bullet\debug\btconvexinternalshape.sbr
d:\my projects\dark-basic-pro\dark basic public shared\dark basic pro sdk\darksdk\bullet\debug\btconvexpointcloudshape.sbr
d:\my projects\dark-basic-pro\dark basic public shared\dark basic pro sdk\darksdk\bullet\debug\btconvexpolyhedron.sbr
d:\my projects\dark-basic-pro\dark basic public shared\dark basic pro sdk\darksdk\bullet\debug\btconvexshape.sbr
d:\my projects\dark-basic-pro\dark basic public shared\dark basic pro sdk\darksdk\bullet\debug\btconvextrianglemeshshape.sbr
d:\my projects\dark-basic-pro\dark basic public shared\dark basic pro sdk\darksdk\bullet\debug\btcylindershape.sbr
d:\my projects\dark-basic-pro\dark basic public shared\dark basic pro sdk\darksdk\bullet\debug\btemptyshape.sbr
d:\my projects\dark-basic-pro\dark basic public shared\dark basic pro sdk\darksdk\bullet\debug\btheightfieldterrainshape.sbr
d:\my projects\dark-basic-pro\dark basic public shared\dark basic pro sdk\darksdk\bullet\debug\btminkowskisumshape.sbr
d:\my projects\dark-basic-pro\dark basic public shared\dark basic pro sdk\darksdk\bullet\debug\btmultimaterialtrianglemeshshape.sbr
d:\my projects\dark-basic-pro\dark basic public shared\dark basic pro sdk\darksdk\bullet\debug\btmultisphereshape.sbr
d:\my projects\dark-basic-pro\dark basic public shared\dark basic pro sdk\darksdk\bullet\debug\btoptimizedbvh.sbr
d:\my projects\dark-basic-pro\dark basic public shared\dark basic pro sdk\darksdk\bullet\debug\btpolyhedralconvexshape.sbr
d:\my projects\dark-basic-pro\dark basic public shared\dark basic pro sdk\darksdk\bullet\debug\btscaledbvhtrianglemeshshape.sbr
d:\my projects\dark-basic-pro\dark basic public shared\dark basic pro sdk\darksdk\bullet\debug\btshapehull.sbr
d:\my projects\dark-basic-pro\dark basic public shared\dark basic pro sdk\darksdk\bullet\debug\btsphereshape.sbr
d:\my projects\dark-basic-pro\dark basic public shared\dark basic pro sdk\darksdk\bullet\debug\btstaticplaneshape.sbr
d:\my projects\dark-basic-pro\dark basic public shared\dark basic pro sdk\darksdk\bullet\debug\btstaticplaneshape.obj
d:\my projects\dark-basic-pro\dark basic public shared\dark basic pro sdk\darksdk\bullet\debug\btsphereshape.obj
d:\my projects\dark-basic-pro\dark basic public shared\dark basic pro sdk\darksdk\bullet\debug\btshapehull.obj
d:\my projects\dark-basic-pro\dark basic public shared\dark basic pro sdk\darksdk\bullet\debug\btscaledbvhtrianglemeshshape.obj
d:\my projects\dark-basic-pro\dark basic public shared\dark basic pro sdk\darksdk\bullet\debug\btpolyhedralconvexshape.obj
d:\my projects\dark-basic-pro\dark basic public shared\dark basic pro sdk\darksdk\bullet\debug\btoptimizedbvh.obj
d:\my projects\dark-basic-pro\dark basic public shared\dark basic pro sdk\darksdk\bullet\debug\btmultisphereshape.obj
d:\my projects\dark-basic-pro\dark basic public shared\dark basic pro sdk\darksdk\bullet\debug\btmultimaterialtrianglemeshshape.obj
d:\my projects\dark-basic-pro\dark basic public shared\dark basic pro sdk\darksdk\bullet\debug\btminkowskisumshape.obj
d:\my projects\dark-basic-pro\dark basic public shared\dark basic pro sdk\darksdk\bullet\debug\btheightfieldterrainshape.obj
d:\my projects\dark-basic-pro\dark basic public shared\dark basic pro sdk\darksdk\bullet\debug\btemptyshape.obj
d:\my projects\dark-basic-pro\dark basic public shared\dark basic pro sdk\darksdk\bullet\debug\btcylindershape.obj
d:\my projects\dark-basic-pro\dark basic public shared\dark basic pro sdk\darksdk\bullet\debug\btconvextrianglemeshshape.obj
d:\my projects\dark-basic-pro\dark basic public shared\dark basic pro sdk\darksdk\bullet\debug\btconvexshape.obj
d:\my projects\dark-basic-pro\dark basic public shared\dark basic pro sdk\darksdk\bullet\debug\btconvexpolyhedron.obj
d:\my projects\dark-basic-pro\dark basic public shared\dark basic pro sdk\darksdk\bullet\debug\btconvexpointcloudshape.obj
d:\my projects\dark-basic-pro\dark basic public shared\dark basic pro sdk\darksdk\bullet\debug\btconvexinternalshape.obj
d:\my projects\dark-basic-pro\dark basic public shared\dark basic pro sdk\darksdk\bullet\debug\btconvexhullshape.obj
d:\my projects\dark-basic-pro\dark basic public shared\dark basic pro sdk\darksdk\bullet\debug\btconvex2dshape.obj
d:\my projects\dark-basic-pro\dark basic public shared\dark basic pro sdk\darksdk\bullet\debug\btconeshape.obj
d:\my projects\dark-basic-pro\dark basic public shared\dark basic pro sdk\darksdk\bullet\debug\btstridingmeshinterface.sbr
d:\my projects\dark-basic-pro\dark basic public shared\dark basic pro sdk\darksdk\bullet\debug\bttetrahedronshape.sbr
d:\my projects\dark-basic-pro\dark basic public shared\dark basic pro sdk\darksdk\bullet\debug\bttrianglebuffer.sbr
d:\my projects\dark-basic-pro\dark basic public shared\dark basic pro sdk\darksdk\bullet\debug\bttrianglecallback.sbr
d:\my projects\dark-basic-pro\dark basic public shared\dark basic pro sdk\darksdk\bullet\debug\bttriangleindexvertexarray.sbr
d:\my projects\dark-basic-pro\dark basic public shared\dark basic pro sdk\darksdk\bullet\debug\bttriangleindexvertexmaterialarray.sbr
d:\my projects\dark-basic-pro\dark basic public shared\dark basic pro sdk\darksdk\bullet\debug\bttrianglemesh.sbr
d:\my projects\dark-basic-pro\dark basic public shared\dark basic pro sdk\darksdk\bullet\debug\bttrianglemeshshape.sbr
d:\my projects\dark-basic-pro\dark basic public shared\dark basic pro sdk\darksdk\bullet\debug\btuniformscalingshape.sbr
d:\my projects\dark-basic-pro\dark basic public shared\dark basic pro sdk\darksdk\bullet\debug\btcontactprocessing.sbr
d:\my projects\dark-basic-pro\dark basic public shared\dark basic pro sdk\darksdk\bullet\debug\btgenericpoolallocator.sbr
d:\my projects\dark-basic-pro\dark basic public shared\dark basic pro sdk\darksdk\bullet\debug\btgimpactbvh.sbr
d:\my projects\dark-basic-pro\dark basic public shared\dark basic pro sdk\darksdk\bullet\debug\btgimpactcollisionalgorithm.sbr
d:\my projects\dark-basic-pro\dark basic public shared\dark basic pro sdk\darksdk\bullet\debug\btgimpactquantizedbvh.sbr
d:\my projects\dark-basic-pro\dark basic public shared\dark basic pro sdk\darksdk\bullet\debug\btgimpactshape.sbr
d:\my projects\dark-basic-pro\dark basic public shared\dark basic pro sdk\darksdk\bullet\debug\bttriangleshapeex.sbr
d:\my projects\dark-basic-pro\dark basic public shared\dark basic pro sdk\darksdk\bullet\debug\gim_box_set.sbr
d:\my projects\dark-basic-pro\dark basic public shared\dark basic pro sdk\darksdk\bullet\debug\gim_contact.sbr
d:\my projects\dark-basic-pro\dark basic public shared\dark basic pro sdk\darksdk\bullet\debug\gim_memory.sbr
d:\my projects\dark-basic-pro\dark basic public shared\dark basic pro sdk\darksdk\bullet\debug\gim_tri_collision.sbr
d:\my projects\dark-basic-pro\dark basic public shared\dark basic pro sdk\darksdk\bullet\debug\gim_tri_collision.obj
d:\my projects\dark-basic-pro\dark basic public shared\dark basic pro sdk\darksdk\bullet\debug\gim_memory.obj
d:\my projects\dark-basic-pro\dark basic public shared\dark basic pro sdk\darksdk\bullet\debug\gim_contact.obj
d:\my projects\dark-basic-pro\dark basic public shared\dark basic pro sdk\darksdk\bullet\debug\gim_box_set.obj
d:\my projects\dark-basic-pro\dark basic public shared\dark basic pro sdk\darksdk\bullet\debug\bttriangleshapeex.obj
d:\my projects\dark-basic-pro\dark basic public shared\dark basic pro sdk\darksdk\bullet\debug\btgimpactshape.obj
d:\my projects\dark-basic-pro\dark basic public shared\dark basic pro sdk\darksdk\bullet\debug\btgimpactquantizedbvh.obj
d:\my projects\dark-basic-pro\dark basic public shared\dark basic pro sdk\darksdk\bullet\debug\btgimpactcollisionalgorithm.obj
d:\my projects\dark-basic-pro\dark basic public shared\dark basic pro sdk\darksdk\bullet\debug\btgimpactbvh.obj
d:\my projects\dark-basic-pro\dark basic public shared\dark basic pro sdk\darksdk\bullet\debug\btgenericpoolallocator.obj
d:\my projects\dark-basic-pro\dark basic public shared\dark basic pro sdk\darksdk\bullet\debug\btcontactprocessing.obj
d:\my projects\dark-basic-pro\dark basic public shared\dark basic pro sdk\darksdk\bullet\debug\btuniformscalingshape.obj
d:\my projects\dark-basic-pro\dark basic public shared\dark basic pro sdk\darksdk\bullet\debug\bttrianglemeshshape.obj
d:\my projects\dark-basic-pro\dark basic public shared\dark basic pro sdk\darksdk\bullet\debug\bttrianglemesh.obj
d:\my projects\dark-basic-pro\dark basic public shared\dark basic pro sdk\darksdk\bullet\debug\bttriangleindexvertexmaterialarray.obj
d:\my projects\dark-basic-pro\dark basic public shared\dark basic pro sdk\darksdk\bullet\debug\bttriangleindexvertexarray.obj
d:\my projects\dark-basic-pro\dark basic public shared\dark basic pro sdk\darksdk\bullet\debug\bttrianglecallback.obj
d:\my projects\dark-basic-pro\dark basic public shared\dark basic pro sdk\darksdk\bullet\debug\bttrianglebuffer.obj
d:\my projects\dark-basic-pro\dark basic public shared\dark basic pro sdk\darksdk\bullet\debug\bttetrahedronshape.obj
d:\my projects\dark-basic-pro\dark basic public shared\dark basic pro sdk\darksdk\bullet\debug\btstridingmeshinterface.obj
d:\my projects\dark-basic-pro\dark basic public shared\dark basic pro sdk\darksdk\bullet\debug\btcontinuousconvexcollision.sbr
d:\my projects\dark-basic-pro\dark basic public shared\dark basic pro sdk\darksdk\bullet\debug\btconvexcast.sbr
d:\my projects\dark-basic-pro\dark basic public shared\dark basic pro sdk\darksdk\bullet\debug\btgjkconvexcast.sbr
d:\my projects\dark-basic-pro\dark basic public shared\dark basic pro sdk\darksdk\bullet\debug\btgjkepa2.sbr
d:\my projects\dark-basic-pro\dark basic public shared\dark basic pro sdk\darksdk\bullet\debug\btgjkepapenetrationdepthsolver.sbr
d:\my projects\dark-basic-pro\dark basic public shared\dark basic pro sdk\darksdk\bullet\debug\btgjkpairdetector.sbr
d:\my projects\dark-basic-pro\dark basic public shared\dark basic pro sdk\darksdk\bullet\debug\btminkowskipenetrationdepthsolver.sbr
d:\my projects\dark-basic-pro\dark basic public shared\dark basic pro sdk\darksdk\bullet\debug\btpersistentmanifold.sbr
d:\my projects\dark-basic-pro\dark basic public shared\dark basic pro sdk\darksdk\bullet\debug\btpolyhedralcontactclipping.sbr
d:\my projects\dark-basic-pro\dark basic public shared\dark basic pro sdk\darksdk\bullet\debug\btraycastcallback.sbr
d:\my projects\dark-basic-pro\dark basic public shared\dark basic pro sdk\darksdk\bullet\debug\btsubsimplexconvexcast.sbr
d:\my projects\dark-basic-pro\dark basic public shared\dark basic pro sdk\darksdk\bullet\debug\btvoronoisimplexsolver.sbr
d:\my projects\dark-basic-pro\dark basic public shared\dark basic pro sdk\darksdk\bullet\debug\btkinematiccharactercontroller.sbr
d:\my projects\dark-basic-pro\dark basic public shared\dark basic pro sdk\darksdk\bullet\debug\btconetwistconstraint.sbr
d:\my projects\dark-basic-pro\dark basic public shared\dark basic pro sdk\darksdk\bullet\debug\btcontactconstraint.sbr
d:\my projects\dark-basic-pro\dark basic public shared\dark basic pro sdk\darksdk\bullet\debug\btfixedconstraint.sbr
d:\my projects\dark-basic-pro\dark basic public shared\dark basic pro sdk\darksdk\bullet\debug\btgearconstraint.sbr
d:\my projects\dark-basic-pro\dark basic public shared\dark basic pro sdk\darksdk\bullet\debug\btgeneric6dofconstraint.sbr
d:\my projects\dark-basic-pro\dark basic public shared\dark basic pro sdk\darksdk\bullet\debug\btgeneric6dofspringconstraint.sbr
d:\my projects\dark-basic-pro\dark basic public shared\dark basic pro sdk\darksdk\bullet\debug\bthinge2constraint.sbr
d:\my projects\dark-basic-pro\dark basic public shared\dark basic pro sdk\darksdk\bullet\debug\bthinge2constraint.obj
d:\my projects\dark-basic-pro\dark basic public shared\dark basic pro sdk\darksdk\bullet\debug\btgeneric6dofspringconstraint.obj
d:\my projects\dark-basic-pro\dark basic public shared\dark basic pro sdk\darksdk\bullet\debug\btgeneric6dofconstraint.obj
d:\my projects\dark-basic-pro\dark basic public shared\dark basic pro sdk\darksdk\bullet\debug\btgearconstraint.obj
d:\my projects\dark-basic-pro\dark basic public shared\dark basic pro sdk\darksdk\bullet\debug\btfixedconstraint.obj
d:\my projects\dark-basic-pro\dark basic public shared\dark basic pro sdk\darksdk\bullet\debug\btcontactconstraint.obj
d:\my projects\dark-basic-pro\dark basic public shared\dark basic pro sdk\darksdk\bullet\debug\btconetwistconstraint.obj
d:\my projects\dark-basic-pro\dark basic public shared\dark basic pro sdk\darksdk\bullet\debug\btkinematiccharactercontroller.obj
d:\my projects\dark-basic-pro\dark basic public shared\dark basic pro sdk\darksdk\bullet\debug\btvoronoisimplexsolver.obj
d:\my projects\dark-basic-pro\dark basic public shared\dark basic pro sdk\darksdk\bullet\debug\btsubsimplexconvexcast.obj
d:\my projects\dark-basic-pro\dark basic public shared\dark basic pro sdk\darksdk\bullet\debug\btraycastcallback.obj
d:\my projects\dark-basic-pro\dark basic public shared\dark basic pro sdk\darksdk\bullet\debug\btpolyhedralcontactclipping.obj
d:\my projects\dark-basic-pro\dark basic public shared\dark basic pro sdk\darksdk\bullet\debug\btpersistentmanifold.obj
d:\my projects\dark-basic-pro\dark basic public shared\dark basic pro sdk\darksdk\bullet\debug\btminkowskipenetrationdepthsolver.obj
d:\my projects\dark-basic-pro\dark basic public shared\dark basic pro sdk\darksdk\bullet\debug\btgjkpairdetector.obj
d:\my projects\dark-basic-pro\dark basic public shared\dark basic pro sdk\darksdk\bullet\debug\btgjkepapenetrationdepthsolver.obj
d:\my projects\dark-basic-pro\dark basic public shared\dark basic pro sdk\darksdk\bullet\debug\btgjkepa2.obj
d:\my projects\dark-basic-pro\dark basic public shared\dark basic pro sdk\darksdk\bullet\debug\btgjkconvexcast.obj
d:\my projects\dark-basic-pro\dark basic public shared\dark basic pro sdk\darksdk\bullet\debug\btconvexcast.obj
d:\my projects\dark-basic-pro\dark basic public shared\dark basic pro sdk\darksdk\bullet\debug\btcontinuousconvexcollision.obj
d:\my projects\dark-basic-pro\dark basic public shared\dark basic pro sdk\darksdk\bullet\debug\bthingeconstraint.sbr
d:\my projects\dark-basic-pro\dark basic public shared\dark basic pro sdk\darksdk\bullet\debug\btpoint2pointconstraint.sbr
d:\my projects\dark-basic-pro\dark basic public shared\dark basic pro sdk\darksdk\bullet\debug\btsequentialimpulseconstraintsolver.sbr
d:\my projects\dark-basic-pro\dark basic public shared\dark basic pro sdk\darksdk\bullet\debug\btsliderconstraint.sbr
d:\my projects\dark-basic-pro\dark basic public shared\dark basic pro sdk\darksdk\bullet\debug\btsolve2linearconstraint.sbr
d:\my projects\dark-basic-pro\dark basic public shared\dark basic pro sdk\darksdk\bullet\debug\bttypedconstraint.sbr
d:\my projects\dark-basic-pro\dark basic public shared\dark basic pro sdk\darksdk\bullet\debug\btuniversalconstraint.sbr
d:\my projects\dark-basic-pro\dark basic public shared\dark basic pro sdk\darksdk\bullet\debug\btdiscretedynamicsworld.sbr
d:\my projects\dark-basic-pro\dark basic public shared\dark basic pro sdk\darksdk\bullet\debug\btrigidbody.sbr
d:\my projects\dark-basic-pro\dark basic public shared\dark basic pro sdk\darksdk\bullet\debug\btsimpledynamicsworld.sbr
d:\my projects\dark-basic-pro\dark basic public shared\dark basic pro sdk\darksdk\bullet\debug\bullet-c-api.sbr
d:\my projects\dark-basic-pro\dark basic public shared\dark basic pro sdk\darksdk\bullet\debug\btraycastvehicle.sbr
d:\my projects\dark-basic-pro\dark basic public shared\dark basic pro sdk\darksdk\bullet\debug\btwheelinfo.sbr
d:\my projects\dark-basic-pro\dark basic public shared\dark basic pro sdk\darksdk\bullet\debug\btalignedallocator.sbr
d:\my projects\dark-basic-pro\dark basic public shared\dark basic pro sdk\darksdk\bullet\debug\btconvexhull.sbr
d:\my projects\dark-basic-pro\dark basic public shared\dark basic pro sdk\darksdk\bullet\debug\btconvexhullcomputer.sbr
d:\my projects\dark-basic-pro\dark basic public shared\dark basic pro sdk\darksdk\bullet\debug\btgeometryutil.sbr
d:\my projects\dark-basic-pro\dark basic public shared\dark basic pro sdk\darksdk\bullet\debug\btpolardecomposition.sbr
d:\my projects\dark-basic-pro\dark basic public shared\dark basic pro sdk\darksdk\bullet\debug\btquickprof.sbr
d:\my projects\dark-basic-pro\dark basic public shared\dark basic pro sdk\darksdk\bullet\debug\btserializer.sbr
d:\my projects\dark-basic-pro\dark basic public shared\dark basic pro sdk\darksdk\bullet\debug\btserializer.obj
d:\my projects\dark-basic-pro\dark basic public shared\dark basic pro sdk\darksdk\bullet\debug\btquickprof.obj
d:\my projects\dark-basic-pro\dark basic public shared\dark basic pro sdk\darksdk\bullet\debug\btpolardecomposition.obj
d:\my projects\dark-basic-pro\dark basic public shared\dark basic pro sdk\darksdk\bullet\debug\btgeometryutil.obj
d:\my projects\dark-basic-pro\dark basic public shared\dark basic pro sdk\darksdk\bullet\debug\btconvexhullcomputer.obj
d:\my projects\dark-basic-pro\dark basic public shared\dark basic pro sdk\darksdk\bullet\debug\btconvexhull.obj
d:\my projects\dark-basic-pro\dark basic public shared\dark basic pro sdk\darksdk\bullet\debug\btalignedallocator.obj
d:\my projects\dark-basic-pro\dark basic public shared\dark basic pro sdk\darksdk\bullet\debug\btwheelinfo.obj
d:\my projects\dark-basic-pro\dark basic public shared\dark basic pro sdk\darksdk\bullet\debug\btraycastvehicle.obj
d:\my projects\dark-basic-pro\dark basic public shared\dark basic pro sdk\darksdk\bullet\debug\bullet-c-api.obj
d:\my projects\dark-basic-pro\dark basic public shared\dark basic pro sdk\darksdk\bullet\debug\btsimpledynamicsworld.obj
d:\my projects\dark-basic-pro\dark basic public shared\dark basic pro sdk\darksdk\bullet\debug\btrigidbody.obj
d:\my projects\dark-basic-pro\dark basic public shared\dark basic pro sdk\darksdk\bullet\debug\btdiscretedynamicsworld.obj
d:\my projects\dark-basic-pro\dark basic public shared\dark basic pro sdk\darksdk\bullet\debug\btuniversalconstraint.obj
d:\my projects\dark-basic-pro\dark basic public shared\dark basic pro sdk\darksdk\bullet\debug\bttypedconstraint.obj
d:\my projects\dark-basic-pro\dark basic public shared\dark basic pro sdk\darksdk\bullet\debug\btsolve2linearconstraint.obj
d:\my projects\dark-basic-pro\dark basic public shared\dark basic pro sdk\darksdk\bullet\debug\btsliderconstraint.obj
d:\my projects\dark-basic-pro\dark basic public shared\dark basic pro sdk\darksdk\bullet\debug\btsequentialimpulseconstraintsolver.obj
d:\my projects\dark-basic-pro\dark basic public shared\dark basic pro sdk\darksdk\bullet\debug\btpoint2pointconstraint.obj
d:\my projects\dark-basic-pro\dark basic public shared\dark basic pro sdk\darksdk\bullet\debug\bthingeconstraint.obj
d:\my projects\dark-basic-pro\dark basic public shared\dark basic pro sdk\darksdk\bullet\debug\btvector3.sbr
d:\my projects\dark-basic-pro\dark basic public shared\dark basic pro sdk\darksdk\bullet\debug\bulletphysics.sbr
d:\my projects\dark-basic-pro\dark basic public shared\dark basic pro sdk\darksdk\bullet\debug\baseitem.sbr
d:\my projects\dark-basic-pro\dark basic public shared\dark basic pro sdk\darksdk\bullet\debug\baseitemmanager.sbr
d:\my projects\dark-basic-pro\dark basic public shared\dark basic pro sdk\darksdk\bullet\debug\bt2dx.sbr
d:\my projects\dark-basic-pro\dark basic public shared\dark basic pro sdk\darksdk\bullet\debug\dbprojoint.sbr
d:\my projects\dark-basic-pro\dark basic public shared\dark basic pro sdk\darksdk\bullet\debug\dbprojointmanager.sbr
d:\my projects\dark-basic-pro\dark basic public shared\dark basic pro sdk\darksdk\bullet\debug\dbprojoints.sbr
d:\my projects\dark-basic-pro\dark basic public shared\dark basic pro sdk\darksdk\bullet\debug\dbpromotionstate.sbr
d:\my projects\dark-basic-pro\dark basic public shared\dark basic pro sdk\darksdk\bullet\debug\dbproragdoll.sbr
d:\my projects\dark-basic-pro\dark basic public shared\dark basic pro sdk\darksdk\bullet\debug\dbproragdollbone.sbr
d:\my projects\dark-basic-pro\dark basic public shared\dark basic pro sdk\darksdk\bullet\debug\dbproragdollmanager.sbr
d:\my projects\dark-basic-pro\dark basic public shared\dark basic pro sdk\darksdk\bullet\debug\dbprotobullet.sbr
d:\my projects\dark-basic-pro\dark basic public shared\dark basic pro sdk\darksdk\bullet\debug\dbpro.sbr
d:\my projects\dark-basic-pro\dark basic public shared\dark basic pro sdk\darksdk\bullet\debug\dbprojoints.obj
d:\my projects\dark-basic-pro\dark basic public shared\dark basic pro sdk\darksdk\bullet\debug\dbprojoint.obj
d:\my projects\dark-basic-pro\dark basic public shared\dark basic pro sdk\darksdk\bullet\debug\bt2dx.obj
d:\my projects\dark-basic-pro\dark basic public shared\dark basic pro sdk\darksdk\bullet\debug\baseitemmanager.obj
d:\my projects\dark-basic-pro\dark basic public shared\dark basic pro sdk\darksdk\bullet\debug\baseitem.obj
d:\my projects\dark-basic-pro\dark basic public shared\dark basic pro sdk\darksdk\bullet\debug\btvector3.obj
d:\my projects\dark-basic-pro\dark basic public shared\dark basic pro sdk\darksdk\bullet\debug\dbpro.obj
d:\my projects\dark-basic-pro\dark basic public shared\dark basic pro sdk\darksdk\bullet\debug\dbprotobullet.obj
d:\my projects\dark-basic-pro\dark basic public shared\dark basic pro sdk\darksdk\bullet\debug\dbproragdollmanager.obj
d:\my projects\dark-basic-pro\dark basic public shared\dark basic pro sdk\darksdk\bullet\debug\dbproragdollbone.obj
d:\my projects\dark-basic-pro\dark basic public shared\dark basic pro sdk\darksdk\bullet\debug\dbproragdoll.obj
d:\my projects\dark-basic-pro\dark basic public shared\dark basic pro sdk\darksdk\bullet\debug\dbpromotionstate.obj
d:\my projects\dark-basic-pro\dark basic public shared\dark basic pro sdk\darksdk\bullet\debug\dbprojointmanager.obj
d:\my projects\dark-basic-pro\dark basic public shared\dark basic pro sdk\darksdk\bullet\debug\bulletphysics.obj
d:\my projects\dark-basic-pro\install\compiler\plugins-user\dbprobulletdebug.dll
d:\my projects\dark-basic-pro\dark basic public shared\dark basic pro sdk\darksdk\bullet\debug\dbproodedebug.pdb
d:\my projects\dark-basic-pro\dark basic public shared\dark basic pro sdk\darksdk\bullet\debug\dbproodedebug.lib
d:\my projects\dark-basic-pro\dark basic public shared\dark basic pro sdk\darksdk\bullet\debug\dbproodedebug.exp
d:\my projects\dark-basic-pro\dark basic public shared\dark basic pro sdk\darksdk\bullet\debug\script1.res
d:\my projects\dark-basic-pro\dark basic public shared\dark basic pro sdk\darksdk\bullet\..\..\..\..\install\compiler\plugins-user\bullet.bsc
d:\my projects\dark-basic-pro\dark basic public shared\dark basic pro sdk\darksdk\bullet\debug\bullet.vcxproj.filelistabsolute.txt
d:\my projects\dark-basic-pro\dark basic public shared\dark basic pro sdk\darksdk\bullet\debug\bullet.tlog\bscmake.command.1.tlog
d:\my projects\dark-basic-pro\dark basic public shared\dark basic pro sdk\darksdk\bullet\debug\bullet.tlog\bscmake.read.1.tlog
d:\my projects\dark-basic-pro\dark basic public shared\dark basic pro sdk\darksdk\bullet\debug\bullet.tlog\bscmake.write.1.tlog
d:\my projects\dark-basic-pro\dark basic public shared\dark basic pro sdk\darksdk\bullet\debug\bullet.tlog\cl.command.1.tlog
d:\my projects\dark-basic-pro\dark basic public shared\dark basic pro sdk\darksdk\bullet\debug\bullet.tlog\cl.items.tlog
d:\my projects\dark-basic-pro\dark basic public shared\dark basic pro sdk\darksdk\bullet\debug\bullet.tlog\cl.read.1.tlog
d:\my projects\dark-basic-pro\dark basic public shared\dark basic pro sdk\darksdk\bullet\debug\bullet.tlog\cl.write.1.tlog
d:\my projects\dark-basic-pro\dark basic public shared\dark basic pro sdk\darksdk\bullet\debug\bullet.tlog\link.command.1.tlog
d:\my projects\dark-basic-pro\dark basic public shared\dark basic pro sdk\darksdk\bullet\debug\bullet.tlog\link.read.1.tlog
d:\my projects\dark-basic-pro\dark basic public shared\dark basic pro sdk\darksdk\bullet\debug\bullet.tlog\link.write.1.tlog
d:\my projects\dark-basic-pro\dark basic public shared\dark basic pro sdk\darksdk\bullet\debug\bullet.tlog\link.write.2u.tlog
d:\my projects\dark-basic-pro\dark basic public shared\dark basic pro sdk\darksdk\bullet\debug\bullet.tlog\rc.command.1.tlog
d:\my projects\dark-basic-pro\dark basic public shared\dark basic pro sdk\darksdk\bullet\debug\bullet.tlog\rc.read.1.tlog
d:\my projects\dark-basic-pro\dark basic public shared\dark basic pro sdk\darksdk\bullet\debug\bullet.tlog\rc.write.1.tlog
