d:\my projects\dark-basic-pro\dbprocompiler\dbpcompiler\darkexe.bsc
d:\my projects\dark-basic-pro\dbprocompiler\dbpcompilerexe\debug\vc143.pdb
d:\my projects\dark-basic-pro\dbprocompiler\dbpcompilerexe\debug\darkmemorymanager.sbr
d:\my projects\dark-basic-pro\dbprocompiler\dbpcompilerexe\debug\darkexe.sbr
d:\my projects\dark-basic-pro\dbprocompiler\dbpcompilerexe\debug\filereader.sbr
d:\my projects\dark-basic-pro\dbprocompiler\dbpcompilerexe\debug\getdxver.sbr
d:\my projects\dark-basic-pro\dbprocompiler\dbpcompilerexe\debug\encryptor.sbr
d:\my projects\dark-basic-pro\dbprocompiler\dbpcompilerexe\debug\exeblock.sbr
d:\my projects\dark-basic-pro\dbprocompiler\dbpcompilerexe\debug\exeblock.obj
d:\my projects\dark-basic-pro\dbprocompiler\dbpcompilerexe\debug\encryptor.obj
d:\my projects\dark-basic-pro\dbprocompiler\dbpcompilerexe\debug\getdxver.obj
d:\my projects\dark-basic-pro\dbprocompiler\dbpcompilerexe\debug\filereader.obj
d:\my projects\dark-basic-pro\dbprocompiler\dbpcompilerexe\debug\darkexe.obj
d:\my projects\dark-basic-pro\dbprocompiler\dbpcompilerexe\debug\darkmemorymanager.obj
d:\my projects\dark-basic-pro\dbprocompiler\dbpcompiler\darkexe.exe
d:\my projects\dark-basic-pro\dbprocompiler\dbpcompiler\darkexe.map
d:\my projects\dark-basic-pro\dbprocompiler\dbpcompilerexe\debug\darkexe.pdb
d:\my projects\dark-basic-pro\dbprocompiler\dbpcompilerexe\debug\dbproexe.res
d:\my projects\dark-basic-pro\dbprocompiler\dbpcompilerexe\..\dbpcompiler\darkexe.bsc
d:\my projects\dark-basic-pro\dbprocompiler\dbpcompilerexe\debug\darkexe.vcxproj.filelistabsolute.txt
d:\my projects\dark-basic-pro\dbprocompiler\dbpcompilerexe\debug\darkexe.tlog\bscmake.command.1.tlog
d:\my projects\dark-basic-pro\dbprocompiler\dbpcompilerexe\debug\darkexe.tlog\bscmake.read.1.tlog
d:\my projects\dark-basic-pro\dbprocompiler\dbpcompilerexe\debug\darkexe.tlog\bscmake.write.1.tlog
d:\my projects\dark-basic-pro\dbprocompiler\dbpcompilerexe\debug\darkexe.tlog\cl.command.1.tlog
d:\my projects\dark-basic-pro\dbprocompiler\dbpcompilerexe\debug\darkexe.tlog\cl.items.tlog
d:\my projects\dark-basic-pro\dbprocompiler\dbpcompilerexe\debug\darkexe.tlog\cl.read.1.tlog
d:\my projects\dark-basic-pro\dbprocompiler\dbpcompilerexe\debug\darkexe.tlog\cl.write.1.tlog
d:\my projects\dark-basic-pro\dbprocompiler\dbpcompilerexe\debug\darkexe.tlog\link.command.1.tlog
d:\my projects\dark-basic-pro\dbprocompiler\dbpcompilerexe\debug\darkexe.tlog\link.read.1.tlog
d:\my projects\dark-basic-pro\dbprocompiler\dbpcompilerexe\debug\darkexe.tlog\link.secondary.1.tlog
d:\my projects\dark-basic-pro\dbprocompiler\dbpcompilerexe\debug\darkexe.tlog\link.write.1.tlog
d:\my projects\dark-basic-pro\dbprocompiler\dbpcompilerexe\debug\darkexe.tlog\rc.command.1.tlog
d:\my projects\dark-basic-pro\dbprocompiler\dbpcompilerexe\debug\darkexe.tlog\rc.read.1.tlog
d:\my projects\dark-basic-pro\dbprocompiler\dbpcompilerexe\debug\darkexe.tlog\rc.write.1.tlog
