d:\my projects\dark-basic-pro\install\compiler\plugins\sprites.bsc
d:\my projects\dark-basic-pro\dark basic public shared\dark basic pro sdk\darksdk\sprites\debug\vc143.pdb
d:\my projects\dark-basic-pro\dark basic public shared\dark basic pro sdk\darksdk\sprites\debug\steamcheckforworkshop.sbr
d:\my projects\dark-basic-pro\dark basic public shared\dark basic pro sdk\darksdk\sprites\debug\steamcheckforworkshop.obj
d:\my projects\dark-basic-pro\dark basic public shared\dark basic pro sdk\darksdk\sprites\debug\cerror.sbr
d:\my projects\dark-basic-pro\dark basic public shared\dark basic pro sdk\darksdk\sprites\debug\cspritemanagerc.sbr
d:\my projects\dark-basic-pro\dark basic public shared\dark basic pro sdk\darksdk\sprites\debug\cspritesc.sbr
d:\my projects\dark-basic-pro\dark basic public shared\dark basic pro sdk\darksdk\sprites\debug\dllmain.sbr
d:\my projects\dark-basic-pro\dark basic public shared\dark basic pro sdk\darksdk\sprites\debug\dllmain.obj
d:\my projects\dark-basic-pro\dark basic public shared\dark basic pro sdk\darksdk\sprites\debug\cspritesc.obj
d:\my projects\dark-basic-pro\dark basic public shared\dark basic pro sdk\darksdk\sprites\debug\cspritemanagerc.obj
d:\my projects\dark-basic-pro\dark basic public shared\dark basic pro sdk\darksdk\sprites\debug\cerror.obj
d:\my projects\dark-basic-pro\install\compiler\plugins\dbprospritesdebug.dll
d:\my projects\dark-basic-pro\dark basic public shared\dark basic pro sdk\darksdk\sprites\debug\dbprospritesdebug.pdb
d:\my projects\dark-basic-pro\dark basic public shared\dark basic pro sdk\darksdk\sprites\debug\dbprospritesdebug.lib
d:\my projects\dark-basic-pro\dark basic public shared\dark basic pro sdk\darksdk\sprites\debug\dbprospritesdebug.exp
d:\my projects\dark-basic-pro\dark basic public shared\dark basic pro sdk\darksdk\sprites\debug\sprites.res
d:\my projects\dark-basic-pro\dark basic public shared\dark basic pro sdk\darksdk\sprites\..\..\..\..\install\compiler\plugins\sprites.bsc
d:\my projects\dark-basic-pro\dark basic public shared\dark basic pro sdk\darksdk\sprites\debug\sprites.vcxproj.filelistabsolute.txt
d:\my projects\dark-basic-pro\dark basic public shared\dark basic pro sdk\darksdk\sprites\debug\sprites.tlog\bscmake.command.1.tlog
d:\my projects\dark-basic-pro\dark basic public shared\dark basic pro sdk\darksdk\sprites\debug\sprites.tlog\bscmake.read.1.tlog
d:\my projects\dark-basic-pro\dark basic public shared\dark basic pro sdk\darksdk\sprites\debug\sprites.tlog\bscmake.write.1.tlog
d:\my projects\dark-basic-pro\dark basic public shared\dark basic pro sdk\darksdk\sprites\debug\sprites.tlog\cl.command.1.tlog
d:\my projects\dark-basic-pro\dark basic public shared\dark basic pro sdk\darksdk\sprites\debug\sprites.tlog\cl.items.tlog
d:\my projects\dark-basic-pro\dark basic public shared\dark basic pro sdk\darksdk\sprites\debug\sprites.tlog\cl.read.1.tlog
d:\my projects\dark-basic-pro\dark basic public shared\dark basic pro sdk\darksdk\sprites\debug\sprites.tlog\cl.write.1.tlog
d:\my projects\dark-basic-pro\dark basic public shared\dark basic pro sdk\darksdk\sprites\debug\sprites.tlog\link.command.1.tlog
d:\my projects\dark-basic-pro\dark basic public shared\dark basic pro sdk\darksdk\sprites\debug\sprites.tlog\link.read.1.tlog
d:\my projects\dark-basic-pro\dark basic public shared\dark basic pro sdk\darksdk\sprites\debug\sprites.tlog\link.write.1.tlog
d:\my projects\dark-basic-pro\dark basic public shared\dark basic pro sdk\darksdk\sprites\debug\sprites.tlog\link.write.2u.tlog
d:\my projects\dark-basic-pro\dark basic public shared\dark basic pro sdk\darksdk\sprites\debug\sprites.tlog\rc.command.1.tlog
d:\my projects\dark-basic-pro\dark basic public shared\dark basic pro sdk\darksdk\sprites\debug\sprites.tlog\rc.read.1.tlog
d:\my projects\dark-basic-pro\dark basic public shared\dark basic pro sdk\darksdk\sprites\debug\sprites.tlog\rc.write.1.tlog
