d:\my projects\dark-basic-pro\dark basic public shared\dark basic pro sdk\darksdk\objects\debug\vc143.pdb
d:\my projects\dark-basic-pro\dark basic public shared\dark basic pro sdk\darksdk\objects\debug\steamcheckforworkshop.sbr
d:\my projects\dark-basic-pro\dark basic public shared\dark basic pro sdk\darksdk\objects\debug\darkmemorymanager.sbr
d:\my projects\dark-basic-pro\dark basic public shared\dark basic pro sdk\darksdk\objects\debug\cocclusion.sbr
d:\my projects\dark-basic-pro\dark basic public shared\dark basic pro sdk\darksdk\objects\debug\hzbmanager.sbr
d:\my projects\dark-basic-pro\dark basic public shared\dark basic pro sdk\darksdk\objects\debug\cshadowmaps.sbr
d:\my projects\dark-basic-pro\dark basic public shared\dark basic pro sdk\darksdk\objects\debug\depthtexture.sbr
d:\my projects\dark-basic-pro\dark basic public shared\dark basic pro sdk\darksdk\objects\debug\gamefxcalls.sbr
d:\my projects\dark-basic-pro\dark basic public shared\dark basic pro sdk\darksdk\objects\debug\depthtexture.obj
d:\my projects\dark-basic-pro\dark basic public shared\dark basic pro sdk\darksdk\objects\debug\darkmemorymanager.obj
d:\my projects\dark-basic-pro\dark basic public shared\dark basic pro sdk\darksdk\objects\debug\steamcheckforworkshop.obj
d:\my projects\dark-basic-pro\dark basic public shared\dark basic pro sdk\darksdk\objects\debug\gamefxcalls.obj
d:\my projects\dark-basic-pro\dark basic public shared\dark basic pro sdk\darksdk\objects\debug\cshadowmaps.obj
d:\my projects\dark-basic-pro\dark basic public shared\dark basic pro sdk\darksdk\objects\debug\hzbmanager.obj
d:\my projects\dark-basic-pro\dark basic public shared\dark basic pro sdk\darksdk\objects\debug\cocclusion.obj
d:\my projects\dark-basic-pro\dark basic public shared\dark basic pro sdk\darksdk\objects\debug\cobjectmanagerc.sbr
d:\my projects\dark-basic-pro\dark basic public shared\dark basic pro sdk\darksdk\objects\debug\cobjectsc.sbr
d:\my projects\dark-basic-pro\dark basic public shared\dark basic pro sdk\darksdk\objects\debug\commonc.sbr
d:\my projects\dark-basic-pro\dark basic public shared\dark basic pro sdk\darksdk\objects\debug\cpositionc.sbr
d:\my projects\dark-basic-pro\dark basic public shared\dark basic pro sdk\darksdk\objects\debug\cerror.sbr
d:\my projects\dark-basic-pro\dark basic public shared\dark basic pro sdk\darksdk\objects\debug\3dcol.sbr
d:\my projects\dark-basic-pro\dark basic public shared\dark basic pro sdk\darksdk\objects\debug\cboxcol.sbr
d:\my projects\dark-basic-pro\dark basic public shared\dark basic pro sdk\darksdk\objects\debug\ccollision.sbr
d:\my projects\dark-basic-pro\dark basic public shared\dark basic pro sdk\darksdk\objects\debug\polypool.sbr
d:\my projects\dark-basic-pro\dark basic public shared\dark basic pro sdk\darksdk\objects\debug\col_response.sbr
d:\my projects\dark-basic-pro\dark basic public shared\dark basic pro sdk\darksdk\objects\debug\col_step.sbr
d:\my projects\dark-basic-pro\dark basic public shared\dark basic pro sdk\darksdk\objects\debug\col_types.sbr
d:\my projects\dark-basic-pro\dark basic public shared\dark basic pro sdk\darksdk\objects\debug\collision.sbr
d:\my projects\dark-basic-pro\dark basic public shared\dark basic pro sdk\darksdk\objects\debug\dboblock.sbr
d:\my projects\dark-basic-pro\dark basic public shared\dark basic pro sdk\darksdk\objects\debug\dbodata.sbr
d:\my projects\dark-basic-pro\dark basic public shared\dark basic pro sdk\darksdk\objects\debug\dboeffects.sbr
d:\my projects\dark-basic-pro\dark basic public shared\dark basic pro sdk\darksdk\objects\debug\dboexternals.sbr
d:\my projects\dark-basic-pro\dark basic public shared\dark basic pro sdk\darksdk\objects\debug\dbofile.sbr
d:\my projects\dark-basic-pro\dark basic public shared\dark basic pro sdk\darksdk\objects\debug\dboformat.sbr
d:\my projects\dark-basic-pro\dark basic public shared\dark basic pro sdk\darksdk\objects\debug\dboframe.sbr
d:\my projects\dark-basic-pro\dark basic public shared\dark basic pro sdk\darksdk\objects\debug\dboframe.obj
d:\my projects\dark-basic-pro\dark basic public shared\dark basic pro sdk\darksdk\objects\debug\dboformat.obj
d:\my projects\dark-basic-pro\dark basic public shared\dark basic pro sdk\darksdk\objects\debug\dbofile.obj
d:\my projects\dark-basic-pro\dark basic public shared\dark basic pro sdk\darksdk\objects\debug\dboexternals.obj
d:\my projects\dark-basic-pro\dark basic public shared\dark basic pro sdk\darksdk\objects\debug\dboeffects.obj
d:\my projects\dark-basic-pro\dark basic public shared\dark basic pro sdk\darksdk\objects\debug\dbodata.obj
d:\my projects\dark-basic-pro\dark basic public shared\dark basic pro sdk\darksdk\objects\debug\dboblock.obj
d:\my projects\dark-basic-pro\dark basic public shared\dark basic pro sdk\darksdk\objects\debug\collision.obj
d:\my projects\dark-basic-pro\dark basic public shared\dark basic pro sdk\darksdk\objects\debug\col_types.obj
d:\my projects\dark-basic-pro\dark basic public shared\dark basic pro sdk\darksdk\objects\debug\col_step.obj
d:\my projects\dark-basic-pro\dark basic public shared\dark basic pro sdk\darksdk\objects\debug\col_response.obj
d:\my projects\dark-basic-pro\dark basic public shared\dark basic pro sdk\darksdk\objects\debug\polypool.obj
d:\my projects\dark-basic-pro\dark basic public shared\dark basic pro sdk\darksdk\objects\debug\ccollision.obj
d:\my projects\dark-basic-pro\dark basic public shared\dark basic pro sdk\darksdk\objects\debug\cboxcol.obj
d:\my projects\dark-basic-pro\dark basic public shared\dark basic pro sdk\darksdk\objects\debug\3dcol.obj
d:\my projects\dark-basic-pro\dark basic public shared\dark basic pro sdk\darksdk\objects\debug\cerror.obj
d:\my projects\dark-basic-pro\dark basic public shared\dark basic pro sdk\darksdk\objects\debug\cpositionc.obj
d:\my projects\dark-basic-pro\dark basic public shared\dark basic pro sdk\darksdk\objects\debug\commonc.obj
d:\my projects\dark-basic-pro\dark basic public shared\dark basic pro sdk\darksdk\objects\debug\cobjectsc.obj
d:\my projects\dark-basic-pro\dark basic public shared\dark basic pro sdk\darksdk\objects\debug\cobjectmanagerc.obj
d:\my projects\dark-basic-pro\dark basic public shared\dark basic pro sdk\darksdk\objects\debug\dbomesh.sbr
d:\my projects\dark-basic-pro\dark basic public shared\dark basic pro sdk\darksdk\objects\debug\dborawmesh.sbr
d:\my projects\dark-basic-pro\dark basic public shared\dark basic pro sdk\darksdk\objects\debug\nvmeshmenderd3dx.sbr
d:\my projects\dark-basic-pro\dark basic public shared\dark basic pro sdk\darksdk\objects\debug\cdatac.sbr
d:\my projects\dark-basic-pro\dark basic public shared\dark basic pro sdk\darksdk\objects\debug\clightmaps.sbr
d:\my projects\dark-basic-pro\dark basic public shared\dark basic pro sdk\darksdk\objects\debug\universe.sbr
d:\my projects\dark-basic-pro\dark basic public shared\dark basic pro sdk\darksdk\objects\debug\csg.sbr
d:\my projects\dark-basic-pro\dark basic public shared\dark basic pro sdk\darksdk\objects\debug\cbounds.sbr
d:\my projects\dark-basic-pro\dark basic public shared\dark basic pro sdk\darksdk\objects\debug\cbsptree.sbr
d:\my projects\dark-basic-pro\dark basic public shared\dark basic pro sdk\darksdk\objects\debug\ccompiler.sbr
d:\my projects\dark-basic-pro\dark basic public shared\dark basic pro sdk\darksdk\objects\debug\compilertypes.sbr
d:\my projects\dark-basic-pro\dark basic public shared\dark basic pro sdk\darksdk\objects\debug\cplane.sbr
d:\my projects\dark-basic-pro\dark basic public shared\dark basic pro sdk\darksdk\objects\debug\cportals.sbr
d:\my projects\dark-basic-pro\dark basic public shared\dark basic pro sdk\darksdk\objects\debug\cvector.sbr
d:\my projects\dark-basic-pro\dark basic public shared\dark basic pro sdk\darksdk\objects\debug\processhsr.sbr
d:\my projects\dark-basic-pro\dark basic public shared\dark basic pro sdk\darksdk\objects\debug\dllmain.sbr
d:\my projects\dark-basic-pro\dark basic public shared\dark basic pro sdk\darksdk\objects\debug\globstruct.sbr
d:\my projects\dark-basic-pro\dark basic public shared\dark basic pro sdk\darksdk\objects\debug\globstruct.obj
d:\my projects\dark-basic-pro\dark basic public shared\dark basic pro sdk\darksdk\objects\debug\dllmain.obj
d:\my projects\dark-basic-pro\dark basic public shared\dark basic pro sdk\darksdk\objects\debug\processhsr.obj
d:\my projects\dark-basic-pro\dark basic public shared\dark basic pro sdk\darksdk\objects\debug\cvector.obj
d:\my projects\dark-basic-pro\dark basic public shared\dark basic pro sdk\darksdk\objects\debug\cportals.obj
d:\my projects\dark-basic-pro\dark basic public shared\dark basic pro sdk\darksdk\objects\debug\cplane.obj
d:\my projects\dark-basic-pro\dark basic public shared\dark basic pro sdk\darksdk\objects\debug\compilertypes.obj
d:\my projects\dark-basic-pro\dark basic public shared\dark basic pro sdk\darksdk\objects\debug\ccompiler.obj
d:\my projects\dark-basic-pro\dark basic public shared\dark basic pro sdk\darksdk\objects\debug\cbsptree.obj
d:\my projects\dark-basic-pro\dark basic public shared\dark basic pro sdk\darksdk\objects\debug\cbounds.obj
d:\my projects\dark-basic-pro\dark basic public shared\dark basic pro sdk\darksdk\objects\debug\csg.obj
d:\my projects\dark-basic-pro\dark basic public shared\dark basic pro sdk\darksdk\objects\debug\universe.obj
d:\my projects\dark-basic-pro\dark basic public shared\dark basic pro sdk\darksdk\objects\debug\clightmaps.obj
d:\my projects\dark-basic-pro\dark basic public shared\dark basic pro sdk\darksdk\objects\debug\cdatac.obj
d:\my projects\dark-basic-pro\dark basic public shared\dark basic pro sdk\darksdk\objects\debug\nvmeshmenderd3dx.obj
d:\my projects\dark-basic-pro\dark basic public shared\dark basic pro sdk\darksdk\objects\debug\dborawmesh.obj
d:\my projects\dark-basic-pro\dark basic public shared\dark basic pro sdk\darksdk\objects\debug\dbomesh.obj
d:\my projects\dark-basic-pro\dark basic public shared\dark basic pro sdk\darksdk\objects\debug\objectsplus.res
d:\my projects\dark-basic-pro\dark basic public shared\dark basic pro sdk\darksdk\objects\debug\objects.vcxproj.filelistabsolute.txt
d:\my projects\dark-basic-pro\dark basic public shared\dark basic pro sdk\darksdk\objects\debug\objects.tlog\cl.command.1.tlog
d:\my projects\dark-basic-pro\dark basic public shared\dark basic pro sdk\darksdk\objects\debug\objects.tlog\cl.read.1.tlog
d:\my projects\dark-basic-pro\dark basic public shared\dark basic pro sdk\darksdk\objects\debug\objects.tlog\cl.write.1.tlog
d:\my projects\dark-basic-pro\dark basic public shared\dark basic pro sdk\darksdk\objects\debug\objects.tlog\rc.command.1.tlog
d:\my projects\dark-basic-pro\dark basic public shared\dark basic pro sdk\darksdk\objects\debug\objects.tlog\rc.read.1.tlog
d:\my projects\dark-basic-pro\dark basic public shared\dark basic pro sdk\darksdk\objects\debug\objects.tlog\rc.write.1.tlog
