d:\my projects\dark-basic-pro\install\compiler\plugins\convmdl.bsc
d:\my projects\dark-basic-pro\dark basic public shared\dark basic pro sdk\darksdk\convmdl\debug\vc143.pdb
d:\my projects\dark-basic-pro\dark basic public shared\dark basic pro sdk\darksdk\convmdl\debug\dboblock.sbr
d:\my projects\dark-basic-pro\dark basic public shared\dark basic pro sdk\darksdk\convmdl\debug\dbodata.sbr
d:\my projects\dark-basic-pro\dark basic public shared\dark basic pro sdk\darksdk\convmdl\debug\dboeffects.sbr
d:\my projects\dark-basic-pro\dark basic public shared\dark basic pro sdk\darksdk\convmdl\debug\dboexternals.sbr
d:\my projects\dark-basic-pro\dark basic public shared\dark basic pro sdk\darksdk\convmdl\debug\dbofile.sbr
d:\my projects\dark-basic-pro\dark basic public shared\dark basic pro sdk\darksdk\convmdl\debug\dboformat.sbr
d:\my projects\dark-basic-pro\dark basic public shared\dark basic pro sdk\darksdk\convmdl\debug\dboframe.sbr
d:\my projects\dark-basic-pro\dark basic public shared\dark basic pro sdk\darksdk\convmdl\debug\dbomesh.sbr
d:\my projects\dark-basic-pro\dark basic public shared\dark basic pro sdk\darksdk\convmdl\debug\dborawmesh.sbr
d:\my projects\dark-basic-pro\dark basic public shared\dark basic pro sdk\darksdk\convmdl\debug\nvmeshmenderd3dx.sbr
d:\my projects\dark-basic-pro\dark basic public shared\dark basic pro sdk\darksdk\convmdl\debug\cerror.sbr
d:\my projects\dark-basic-pro\dark basic public shared\dark basic pro sdk\darksdk\convmdl\debug\convmdl.sbr
d:\my projects\dark-basic-pro\dark basic public shared\dark basic pro sdk\darksdk\convmdl\debug\cerror.obj
d:\my projects\dark-basic-pro\dark basic public shared\dark basic pro sdk\darksdk\convmdl\debug\nvmeshmenderd3dx.obj
d:\my projects\dark-basic-pro\dark basic public shared\dark basic pro sdk\darksdk\convmdl\debug\dboexternals.obj
d:\my projects\dark-basic-pro\dark basic public shared\dark basic pro sdk\darksdk\convmdl\debug\convmdl.obj
d:\my projects\dark-basic-pro\dark basic public shared\dark basic pro sdk\darksdk\convmdl\debug\dborawmesh.obj
d:\my projects\dark-basic-pro\dark basic public shared\dark basic pro sdk\darksdk\convmdl\debug\dbomesh.obj
d:\my projects\dark-basic-pro\dark basic public shared\dark basic pro sdk\darksdk\convmdl\debug\dboframe.obj
d:\my projects\dark-basic-pro\dark basic public shared\dark basic pro sdk\darksdk\convmdl\debug\dboformat.obj
d:\my projects\dark-basic-pro\dark basic public shared\dark basic pro sdk\darksdk\convmdl\debug\dbofile.obj
d:\my projects\dark-basic-pro\dark basic public shared\dark basic pro sdk\darksdk\convmdl\debug\dboeffects.obj
d:\my projects\dark-basic-pro\dark basic public shared\dark basic pro sdk\darksdk\convmdl\debug\dbodata.obj
d:\my projects\dark-basic-pro\dark basic public shared\dark basic pro sdk\darksdk\convmdl\debug\dboblock.obj
d:\my projects\dark-basic-pro\install\compiler\plugins\convmdl.dll
d:\my projects\dark-basic-pro\dark basic public shared\dark basic pro sdk\darksdk\convmdl\debug\convmdl.pdb
d:\my projects\dark-basic-pro\dark basic public shared\dark basic pro sdk\darksdk\convmdl\debug\convmdl.lib
d:\my projects\dark-basic-pro\dark basic public shared\dark basic pro sdk\darksdk\convmdl\debug\convmdl.exp
d:\my projects\dark-basic-pro\dark basic public shared\dark basic pro sdk\darksdk\convmdl\..\..\..\..\install\compiler\plugins\convmdl.bsc
d:\my projects\dark-basic-pro\dark basic public shared\dark basic pro sdk\darksdk\convmdl\debug\convmdl.vcxproj.filelistabsolute.txt
d:\my projects\dark-basic-pro\dark basic public shared\dark basic pro sdk\darksdk\convmdl\debug\convmdl.tlog\bscmake.command.1.tlog
d:\my projects\dark-basic-pro\dark basic public shared\dark basic pro sdk\darksdk\convmdl\debug\convmdl.tlog\bscmake.read.1.tlog
d:\my projects\dark-basic-pro\dark basic public shared\dark basic pro sdk\darksdk\convmdl\debug\convmdl.tlog\bscmake.write.1.tlog
d:\my projects\dark-basic-pro\dark basic public shared\dark basic pro sdk\darksdk\convmdl\debug\convmdl.tlog\cl.command.1.tlog
d:\my projects\dark-basic-pro\dark basic public shared\dark basic pro sdk\darksdk\convmdl\debug\convmdl.tlog\cl.items.tlog
d:\my projects\dark-basic-pro\dark basic public shared\dark basic pro sdk\darksdk\convmdl\debug\convmdl.tlog\cl.read.1.tlog
d:\my projects\dark-basic-pro\dark basic public shared\dark basic pro sdk\darksdk\convmdl\debug\convmdl.tlog\cl.write.1.tlog
d:\my projects\dark-basic-pro\dark basic public shared\dark basic pro sdk\darksdk\convmdl\debug\convmdl.tlog\link.command.1.tlog
d:\my projects\dark-basic-pro\dark basic public shared\dark basic pro sdk\darksdk\convmdl\debug\convmdl.tlog\link.read.1.tlog
d:\my projects\dark-basic-pro\dark basic public shared\dark basic pro sdk\darksdk\convmdl\debug\convmdl.tlog\link.write.1.tlog
d:\my projects\dark-basic-pro\dark basic public shared\dark basic pro sdk\darksdk\convmdl\debug\convmdl.tlog\link.write.2u.tlog
