d:\my projects\dark-basic-pro\install\compiler\plugins\image.bsc
d:\my projects\dark-basic-pro\dark basic public shared\dark basic pro sdk\darksdk\image\debug\vc143.pdb
d:\my projects\dark-basic-pro\dark basic public shared\dark basic pro sdk\darksdk\image\debug\steamcheckforworkshop.sbr
d:\my projects\dark-basic-pro\dark basic public shared\dark basic pro sdk\darksdk\image\debug\globstruct.sbr
d:\my projects\dark-basic-pro\dark basic public shared\dark basic pro sdk\darksdk\image\debug\globstruct.obj
d:\my projects\dark-basic-pro\dark basic public shared\dark basic pro sdk\darksdk\image\debug\steamcheckforworkshop.obj
d:\my projects\dark-basic-pro\dark basic public shared\dark basic pro sdk\darksdk\image\debug\cimagec.sbr
d:\my projects\dark-basic-pro\dark basic public shared\dark basic pro sdk\darksdk\image\debug\cerror.sbr
d:\my projects\dark-basic-pro\dark basic public shared\dark basic pro sdk\darksdk\image\debug\dllmain.sbr
d:\my projects\dark-basic-pro\dark basic public shared\dark basic pro sdk\darksdk\image\debug\dllmain.obj
d:\my projects\dark-basic-pro\dark basic public shared\dark basic pro sdk\darksdk\image\debug\cerror.obj
d:\my projects\dark-basic-pro\dark basic public shared\dark basic pro sdk\darksdk\image\debug\cimagec.obj
d:\my projects\dark-basic-pro\dark basic public shared\dark basic pro sdk\darksdk\image\debug\dib.sbr
d:\my projects\dark-basic-pro\dark basic public shared\dark basic pro sdk\darksdk\image\debug\icons.sbr
d:\my projects\dark-basic-pro\dark basic public shared\dark basic pro sdk\darksdk\image\debug\icons.obj
d:\my projects\dark-basic-pro\dark basic public shared\dark basic pro sdk\darksdk\image\debug\dib.obj
d:\my projects\dark-basic-pro\install\compiler\plugins\dbproimagedebug.dll
d:\my projects\dark-basic-pro\dark basic public shared\dark basic pro sdk\darksdk\image\debug\dbproimagedebug.pdb
d:\my projects\dark-basic-pro\dark basic public shared\dark basic pro sdk\darksdk\image\debug\dbproimagedebug.lib
d:\my projects\dark-basic-pro\dark basic public shared\dark basic pro sdk\darksdk\image\debug\dbproimagedebug.exp
d:\my projects\dark-basic-pro\dark basic public shared\dark basic pro sdk\darksdk\image\debug\image.res
d:\my projects\dark-basic-pro\dark basic public shared\dark basic pro sdk\darksdk\image\..\..\..\..\install\compiler\plugins\image.bsc
d:\my projects\dark-basic-pro\dark basic public shared\dark basic pro sdk\darksdk\image\debug\image.vcxproj.filelistabsolute.txt
d:\my projects\dark-basic-pro\dark basic public shared\dark basic pro sdk\darksdk\image\debug\image.tlog\bscmake.command.1.tlog
d:\my projects\dark-basic-pro\dark basic public shared\dark basic pro sdk\darksdk\image\debug\image.tlog\bscmake.read.1.tlog
d:\my projects\dark-basic-pro\dark basic public shared\dark basic pro sdk\darksdk\image\debug\image.tlog\bscmake.write.1.tlog
d:\my projects\dark-basic-pro\dark basic public shared\dark basic pro sdk\darksdk\image\debug\image.tlog\cl.command.1.tlog
d:\my projects\dark-basic-pro\dark basic public shared\dark basic pro sdk\darksdk\image\debug\image.tlog\cl.items.tlog
d:\my projects\dark-basic-pro\dark basic public shared\dark basic pro sdk\darksdk\image\debug\image.tlog\cl.read.1.tlog
d:\my projects\dark-basic-pro\dark basic public shared\dark basic pro sdk\darksdk\image\debug\image.tlog\cl.write.1.tlog
d:\my projects\dark-basic-pro\dark basic public shared\dark basic pro sdk\darksdk\image\debug\image.tlog\link.command.1.tlog
d:\my projects\dark-basic-pro\dark basic public shared\dark basic pro sdk\darksdk\image\debug\image.tlog\link.read.1.tlog
d:\my projects\dark-basic-pro\dark basic public shared\dark basic pro sdk\darksdk\image\debug\image.tlog\link.write.1.tlog
d:\my projects\dark-basic-pro\dark basic public shared\dark basic pro sdk\darksdk\image\debug\image.tlog\link.write.2u.tlog
d:\my projects\dark-basic-pro\dark basic public shared\dark basic pro sdk\darksdk\image\debug\image.tlog\rc.command.1.tlog
d:\my projects\dark-basic-pro\dark basic public shared\dark basic pro sdk\darksdk\image\debug\image.tlog\rc.read.1.tlog
d:\my projects\dark-basic-pro\dark basic public shared\dark basic pro sdk\darksdk\image\debug\image.tlog\rc.write.1.tlog
