d:\my projects\dark-basic-pro\install\compiler\plugins\advancedmatrix.bsc
d:\my projects\dark-basic-pro\dark basic public shared\dark basic pro sdk\darksdk\advancedmatrix\debug\vc143.pdb
d:\my projects\dark-basic-pro\dark basic public shared\dark basic pro sdk\darksdk\advancedmatrix\debug\cenhancedmatrixc.sbr
d:\my projects\dark-basic-pro\dark basic public shared\dark basic pro sdk\darksdk\advancedmatrix\debug\cenhancedmatrixmanagerc.sbr
d:\my projects\dark-basic-pro\dark basic public shared\dark basic pro sdk\darksdk\advancedmatrix\debug\cmodec.sbr
d:\my projects\dark-basic-pro\dark basic public shared\dark basic pro sdk\darksdk\advancedmatrix\debug\cquadtreesc.sbr
d:\my projects\dark-basic-pro\dark basic public shared\dark basic pro sdk\darksdk\advancedmatrix\debug\cdatac.sbr
d:\my projects\dark-basic-pro\dark basic public shared\dark basic pro sdk\darksdk\advancedmatrix\debug\cpositionc.sbr
d:\my projects\dark-basic-pro\dark basic public shared\dark basic pro sdk\darksdk\advancedmatrix\debug\cerror.sbr
d:\my projects\dark-basic-pro\dark basic public shared\dark basic pro sdk\darksdk\advancedmatrix\debug\dllmain.sbr
d:\my projects\dark-basic-pro\dark basic public shared\dark basic pro sdk\darksdk\advancedmatrix\debug\dllmain.obj
d:\my projects\dark-basic-pro\dark basic public shared\dark basic pro sdk\darksdk\advancedmatrix\debug\cerror.obj
d:\my projects\dark-basic-pro\dark basic public shared\dark basic pro sdk\darksdk\advancedmatrix\debug\cpositionc.obj
d:\my projects\dark-basic-pro\dark basic public shared\dark basic pro sdk\darksdk\advancedmatrix\debug\cdatac.obj
d:\my projects\dark-basic-pro\dark basic public shared\dark basic pro sdk\darksdk\advancedmatrix\debug\cquadtreesc.obj
d:\my projects\dark-basic-pro\dark basic public shared\dark basic pro sdk\darksdk\advancedmatrix\debug\cmodec.obj
d:\my projects\dark-basic-pro\dark basic public shared\dark basic pro sdk\darksdk\advancedmatrix\debug\cenhancedmatrixmanagerc.obj
d:\my projects\dark-basic-pro\dark basic public shared\dark basic pro sdk\darksdk\advancedmatrix\debug\cenhancedmatrixc.obj
d:\my projects\dark-basic-pro\install\compiler\plugins\dbproadvancedmatrixdebug.dll
d:\my projects\dark-basic-pro\dark basic public shared\dark basic pro sdk\darksdk\advancedmatrix\debug\dbprolodterraindebug.pdb
d:\my projects\dark-basic-pro\dark basic public shared\dark basic pro sdk\darksdk\advancedmatrix\debug\dbprolodterraindebug.lib
d:\my projects\dark-basic-pro\dark basic public shared\dark basic pro sdk\darksdk\advancedmatrix\debug\dbprolodterraindebug.exp
d:\my projects\dark-basic-pro\dark basic public shared\dark basic pro sdk\darksdk\advancedmatrix\debug\advancedmatrix.res
d:\my projects\dark-basic-pro\dark basic public shared\dark basic pro sdk\darksdk\advancedmatrix\..\..\..\..\install\compiler\plugins\advancedmatrix.bsc
d:\my projects\dark-basic-pro\dark basic public shared\dark basic pro sdk\darksdk\advancedmatrix\debug\advancedmatrix.vcxproj.filelistabsolute.txt
d:\my projects\dark-basic-pro\dark basic public shared\dark basic pro sdk\darksdk\advancedmatrix\debug\advancedmatrix.tlog\bscmake.command.1.tlog
d:\my projects\dark-basic-pro\dark basic public shared\dark basic pro sdk\darksdk\advancedmatrix\debug\advancedmatrix.tlog\bscmake.read.1.tlog
d:\my projects\dark-basic-pro\dark basic public shared\dark basic pro sdk\darksdk\advancedmatrix\debug\advancedmatrix.tlog\bscmake.write.1.tlog
d:\my projects\dark-basic-pro\dark basic public shared\dark basic pro sdk\darksdk\advancedmatrix\debug\advancedmatrix.tlog\cl.command.1.tlog
d:\my projects\dark-basic-pro\dark basic public shared\dark basic pro sdk\darksdk\advancedmatrix\debug\advancedmatrix.tlog\cl.items.tlog
d:\my projects\dark-basic-pro\dark basic public shared\dark basic pro sdk\darksdk\advancedmatrix\debug\advancedmatrix.tlog\cl.read.1.tlog
d:\my projects\dark-basic-pro\dark basic public shared\dark basic pro sdk\darksdk\advancedmatrix\debug\advancedmatrix.tlog\cl.write.1.tlog
d:\my projects\dark-basic-pro\dark basic public shared\dark basic pro sdk\darksdk\advancedmatrix\debug\advancedmatrix.tlog\link.command.1.tlog
d:\my projects\dark-basic-pro\dark basic public shared\dark basic pro sdk\darksdk\advancedmatrix\debug\advancedmatrix.tlog\link.read.1.tlog
d:\my projects\dark-basic-pro\dark basic public shared\dark basic pro sdk\darksdk\advancedmatrix\debug\advancedmatrix.tlog\link.write.1.tlog
d:\my projects\dark-basic-pro\dark basic public shared\dark basic pro sdk\darksdk\advancedmatrix\debug\advancedmatrix.tlog\link.write.2u.tlog
d:\my projects\dark-basic-pro\dark basic public shared\dark basic pro sdk\darksdk\advancedmatrix\debug\advancedmatrix.tlog\rc.command.1.tlog
d:\my projects\dark-basic-pro\dark basic public shared\dark basic pro sdk\darksdk\advancedmatrix\debug\advancedmatrix.tlog\rc.read.1.tlog
d:\my projects\dark-basic-pro\dark basic public shared\dark basic pro sdk\darksdk\advancedmatrix\debug\advancedmatrix.tlog\rc.write.1.tlog
