d:\my projects\dark-basic-pro\install\compiler\plugins\ftp.bsc
d:\my projects\dark-basic-pro\dark basic public shared\dark basic pro sdk\darksdk\ftp\debug\vc143.pdb
d:\my projects\dark-basic-pro\dark basic public shared\dark basic pro sdk\darksdk\ftp\debug\cftpc.sbr
d:\my projects\dark-basic-pro\dark basic public shared\dark basic pro sdk\darksdk\ftp\debug\ftp.sbr
d:\my projects\dark-basic-pro\dark basic public shared\dark basic pro sdk\darksdk\ftp\debug\cerror.sbr
d:\my projects\dark-basic-pro\dark basic public shared\dark basic pro sdk\darksdk\ftp\debug\httpcomm.sbr
d:\my projects\dark-basic-pro\dark basic public shared\dark basic pro sdk\darksdk\ftp\debug\dllmain.sbr
d:\my projects\dark-basic-pro\dark basic public shared\dark basic pro sdk\darksdk\ftp\debug\globstruct.sbr
d:\my projects\dark-basic-pro\dark basic public shared\dark basic pro sdk\darksdk\ftp\debug\globstruct.obj
d:\my projects\dark-basic-pro\dark basic public shared\dark basic pro sdk\darksdk\ftp\debug\dllmain.obj
d:\my projects\dark-basic-pro\dark basic public shared\dark basic pro sdk\darksdk\ftp\debug\httpcomm.obj
d:\my projects\dark-basic-pro\dark basic public shared\dark basic pro sdk\darksdk\ftp\debug\cerror.obj
d:\my projects\dark-basic-pro\dark basic public shared\dark basic pro sdk\darksdk\ftp\debug\ftp.obj
d:\my projects\dark-basic-pro\dark basic public shared\dark basic pro sdk\darksdk\ftp\debug\cftpc.obj
d:\my projects\dark-basic-pro\install\compiler\plugins\dbproftpdebug.dll
d:\my projects\dark-basic-pro\dark basic public shared\dark basic pro sdk\darksdk\ftp\debug\dbproftpdebug.pdb
d:\my projects\dark-basic-pro\dark basic public shared\dark basic pro sdk\darksdk\ftp\debug\dbproftpdebug.lib
d:\my projects\dark-basic-pro\dark basic public shared\dark basic pro sdk\darksdk\ftp\debug\dbproftpdebug.exp
d:\my projects\dark-basic-pro\dark basic public shared\dark basic pro sdk\darksdk\ftp\debug\ftp.res
d:\my projects\dark-basic-pro\dark basic public shared\dark basic pro sdk\darksdk\ftp\..\..\..\..\install\compiler\plugins\ftp.bsc
d:\my projects\dark-basic-pro\dark basic public shared\dark basic pro sdk\darksdk\ftp\debug\ftp.vcxproj.filelistabsolute.txt
d:\my projects\dark-basic-pro\dark basic public shared\dark basic pro sdk\darksdk\ftp\debug\ftp.tlog\bscmake.command.1.tlog
d:\my projects\dark-basic-pro\dark basic public shared\dark basic pro sdk\darksdk\ftp\debug\ftp.tlog\bscmake.read.1.tlog
d:\my projects\dark-basic-pro\dark basic public shared\dark basic pro sdk\darksdk\ftp\debug\ftp.tlog\bscmake.write.1.tlog
d:\my projects\dark-basic-pro\dark basic public shared\dark basic pro sdk\darksdk\ftp\debug\ftp.tlog\cl.command.1.tlog
d:\my projects\dark-basic-pro\dark basic public shared\dark basic pro sdk\darksdk\ftp\debug\ftp.tlog\cl.items.tlog
d:\my projects\dark-basic-pro\dark basic public shared\dark basic pro sdk\darksdk\ftp\debug\ftp.tlog\cl.read.1.tlog
d:\my projects\dark-basic-pro\dark basic public shared\dark basic pro sdk\darksdk\ftp\debug\ftp.tlog\cl.write.1.tlog
d:\my projects\dark-basic-pro\dark basic public shared\dark basic pro sdk\darksdk\ftp\debug\ftp.tlog\link.command.1.tlog
d:\my projects\dark-basic-pro\dark basic public shared\dark basic pro sdk\darksdk\ftp\debug\ftp.tlog\link.read.1.tlog
d:\my projects\dark-basic-pro\dark basic public shared\dark basic pro sdk\darksdk\ftp\debug\ftp.tlog\link.write.1.tlog
d:\my projects\dark-basic-pro\dark basic public shared\dark basic pro sdk\darksdk\ftp\debug\ftp.tlog\link.write.2u.tlog
d:\my projects\dark-basic-pro\dark basic public shared\dark basic pro sdk\darksdk\ftp\debug\ftp.tlog\rc.command.1.tlog
d:\my projects\dark-basic-pro\dark basic public shared\dark basic pro sdk\darksdk\ftp\debug\ftp.tlog\rc.read.1.tlog
d:\my projects\dark-basic-pro\dark basic public shared\dark basic pro sdk\darksdk\ftp\debug\ftp.tlog\rc.write.1.tlog
