d:\my projects\dark-basic-pro\dark basic public shared\dark basic pro sdk\darksdk\convx\release\vc143.pdb
d:\my projects\dark-basic-pro\dark basic public shared\dark basic pro sdk\darksdk\convx\release\globstruct.obj
d:\my projects\dark-basic-pro\dark basic public shared\dark basic pro sdk\darksdk\convx\release\cerror.obj
d:\my projects\dark-basic-pro\dark basic public shared\dark basic pro sdk\darksdk\convx\release\nvmeshmenderd3dx.obj
d:\my projects\dark-basic-pro\dark basic public shared\dark basic pro sdk\darksdk\convx\release\dboexternals.obj
d:\my projects\dark-basic-pro\dark basic public shared\dark basic pro sdk\darksdk\convx\release\dborawmesh.obj
d:\my projects\dark-basic-pro\dark basic public shared\dark basic pro sdk\darksdk\convx\release\dbomesh.obj
d:\my projects\dark-basic-pro\dark basic public shared\dark basic pro sdk\darksdk\convx\release\dboframe.obj
d:\my projects\dark-basic-pro\dark basic public shared\dark basic pro sdk\darksdk\convx\release\dboformat.obj
d:\my projects\dark-basic-pro\dark basic public shared\dark basic pro sdk\darksdk\convx\release\dbofile.obj
d:\my projects\dark-basic-pro\dark basic public shared\dark basic pro sdk\darksdk\convx\release\dboeffects.obj
d:\my projects\dark-basic-pro\dark basic public shared\dark basic pro sdk\darksdk\convx\release\dbodata.obj
d:\my projects\dark-basic-pro\dark basic public shared\dark basic pro sdk\darksdk\convx\release\dboblock.obj
d:\my projects\dark-basic-pro\dark basic public shared\dark basic pro sdk\darksdk\convx\release\convx.obj
d:\my projects\dark-basic-pro\install\compiler\plugins\convx.dll
d:\my projects\dark-basic-pro\dark basic public shared\dark basic pro sdk\darksdk\convx\release\convx.pdb
d:\my projects\dark-basic-pro\dark basic public shared\dark basic pro sdk\darksdk\convx\release\convx.lib
d:\my projects\dark-basic-pro\dark basic public shared\dark basic pro sdk\darksdk\convx\release\convx.exp
d:\my projects\dark-basic-pro\dark basic public shared\dark basic pro sdk\darksdk\convx\release\convx.vcxproj.filelistabsolute.txt
d:\my projects\dark-basic-pro\dark basic public shared\dark basic pro sdk\darksdk\convx\release\convx.tlog\cl.command.1.tlog
d:\my projects\dark-basic-pro\dark basic public shared\dark basic pro sdk\darksdk\convx\release\convx.tlog\cl.items.tlog
d:\my projects\dark-basic-pro\dark basic public shared\dark basic pro sdk\darksdk\convx\release\convx.tlog\cl.read.1.tlog
d:\my projects\dark-basic-pro\dark basic public shared\dark basic pro sdk\darksdk\convx\release\convx.tlog\cl.write.1.tlog
d:\my projects\dark-basic-pro\dark basic public shared\dark basic pro sdk\darksdk\convx\release\convx.tlog\link.command.1.tlog
d:\my projects\dark-basic-pro\dark basic public shared\dark basic pro sdk\darksdk\convx\release\convx.tlog\link.read.1.tlog
d:\my projects\dark-basic-pro\dark basic public shared\dark basic pro sdk\darksdk\convx\release\convx.tlog\link.write.1.tlog
d:\my projects\dark-basic-pro\dark basic public shared\dark basic pro sdk\darksdk\convx\release\convx.tlog\link.write.2u.tlog
