d:\my projects\dark-basic-pro\install\compiler\plugins\conv3ds.bsc
d:\my projects\dark-basic-pro\dark basic public shared\dark basic pro sdk\darksdk\conv3ds\debug\vc143.pdb
d:\my projects\dark-basic-pro\dark basic public shared\dark basic pro sdk\darksdk\conv3ds\debug\dboblock.sbr
d:\my projects\dark-basic-pro\dark basic public shared\dark basic pro sdk\darksdk\conv3ds\debug\dbodata.sbr
d:\my projects\dark-basic-pro\dark basic public shared\dark basic pro sdk\darksdk\conv3ds\debug\dboeffects.sbr
d:\my projects\dark-basic-pro\dark basic public shared\dark basic pro sdk\darksdk\conv3ds\debug\dboexternals.sbr
d:\my projects\dark-basic-pro\dark basic public shared\dark basic pro sdk\darksdk\conv3ds\debug\dbofile.sbr
d:\my projects\dark-basic-pro\dark basic public shared\dark basic pro sdk\darksdk\conv3ds\debug\dboformat.sbr
d:\my projects\dark-basic-pro\dark basic public shared\dark basic pro sdk\darksdk\conv3ds\debug\dboframe.sbr
d:\my projects\dark-basic-pro\dark basic public shared\dark basic pro sdk\darksdk\conv3ds\debug\dbomesh.sbr
d:\my projects\dark-basic-pro\dark basic public shared\dark basic pro sdk\darksdk\conv3ds\debug\dborawmesh.sbr
d:\my projects\dark-basic-pro\dark basic public shared\dark basic pro sdk\darksdk\conv3ds\debug\nvmeshmenderd3dx.sbr
d:\my projects\dark-basic-pro\dark basic public shared\dark basic pro sdk\darksdk\conv3ds\debug\cerror.sbr
d:\my projects\dark-basic-pro\dark basic public shared\dark basic pro sdk\darksdk\conv3ds\debug\conv3ds.sbr
d:\my projects\dark-basic-pro\dark basic public shared\dark basic pro sdk\darksdk\conv3ds\debug\d3dmath.sbr
d:\my projects\dark-basic-pro\dark basic public shared\dark basic pro sdk\darksdk\conv3ds\debug\d3dmath.obj
d:\my projects\dark-basic-pro\dark basic public shared\dark basic pro sdk\darksdk\conv3ds\debug\cerror.obj
d:\my projects\dark-basic-pro\dark basic public shared\dark basic pro sdk\darksdk\conv3ds\debug\nvmeshmenderd3dx.obj
d:\my projects\dark-basic-pro\dark basic public shared\dark basic pro sdk\darksdk\conv3ds\debug\dboexternals.obj
d:\my projects\dark-basic-pro\dark basic public shared\dark basic pro sdk\darksdk\conv3ds\debug\conv3ds.obj
d:\my projects\dark-basic-pro\dark basic public shared\dark basic pro sdk\darksdk\conv3ds\debug\dborawmesh.obj
d:\my projects\dark-basic-pro\dark basic public shared\dark basic pro sdk\darksdk\conv3ds\debug\dbomesh.obj
d:\my projects\dark-basic-pro\dark basic public shared\dark basic pro sdk\darksdk\conv3ds\debug\dboframe.obj
d:\my projects\dark-basic-pro\dark basic public shared\dark basic pro sdk\darksdk\conv3ds\debug\dboformat.obj
d:\my projects\dark-basic-pro\dark basic public shared\dark basic pro sdk\darksdk\conv3ds\debug\dbofile.obj
d:\my projects\dark-basic-pro\dark basic public shared\dark basic pro sdk\darksdk\conv3ds\debug\dboeffects.obj
d:\my projects\dark-basic-pro\dark basic public shared\dark basic pro sdk\darksdk\conv3ds\debug\dbodata.obj
d:\my projects\dark-basic-pro\dark basic public shared\dark basic pro sdk\darksdk\conv3ds\debug\dboblock.obj
d:\my projects\dark-basic-pro\install\compiler\plugins\conv3ds.dll
d:\my projects\dark-basic-pro\dark basic public shared\dark basic pro sdk\darksdk\conv3ds\debug\conv3ds.pdb
d:\my projects\dark-basic-pro\dark basic public shared\dark basic pro sdk\darksdk\conv3ds\debug\conv3ds.lib
d:\my projects\dark-basic-pro\dark basic public shared\dark basic pro sdk\darksdk\conv3ds\debug\conv3ds.exp
d:\my projects\dark-basic-pro\dark basic public shared\dark basic pro sdk\darksdk\conv3ds\..\..\..\..\install\compiler\plugins\conv3ds.bsc
d:\my projects\dark-basic-pro\dark basic public shared\dark basic pro sdk\darksdk\conv3ds\debug\conv3ds.vcxproj.filelistabsolute.txt
d:\my projects\dark-basic-pro\dark basic public shared\dark basic pro sdk\darksdk\conv3ds\debug\conv3ds.tlog\bscmake.command.1.tlog
d:\my projects\dark-basic-pro\dark basic public shared\dark basic pro sdk\darksdk\conv3ds\debug\conv3ds.tlog\bscmake.read.1.tlog
d:\my projects\dark-basic-pro\dark basic public shared\dark basic pro sdk\darksdk\conv3ds\debug\conv3ds.tlog\bscmake.write.1.tlog
d:\my projects\dark-basic-pro\dark basic public shared\dark basic pro sdk\darksdk\conv3ds\debug\conv3ds.tlog\cl.command.1.tlog
d:\my projects\dark-basic-pro\dark basic public shared\dark basic pro sdk\darksdk\conv3ds\debug\conv3ds.tlog\cl.items.tlog
d:\my projects\dark-basic-pro\dark basic public shared\dark basic pro sdk\darksdk\conv3ds\debug\conv3ds.tlog\cl.read.1.tlog
d:\my projects\dark-basic-pro\dark basic public shared\dark basic pro sdk\darksdk\conv3ds\debug\conv3ds.tlog\cl.write.1.tlog
d:\my projects\dark-basic-pro\dark basic public shared\dark basic pro sdk\darksdk\conv3ds\debug\conv3ds.tlog\link.command.1.tlog
d:\my projects\dark-basic-pro\dark basic public shared\dark basic pro sdk\darksdk\conv3ds\debug\conv3ds.tlog\link.read.1.tlog
d:\my projects\dark-basic-pro\dark basic public shared\dark basic pro sdk\darksdk\conv3ds\debug\conv3ds.tlog\link.write.1.tlog
d:\my projects\dark-basic-pro\dark basic public shared\dark basic pro sdk\darksdk\conv3ds\debug\conv3ds.tlog\link.write.2u.tlog
