d:\my projects\dark-basic-pro\install\compiler\plugins\q2bsp.bsc
d:\my projects\dark-basic-pro\dark basic public shared\dark basic pro sdk\darksdk\q2bsp\debug\vc143.pdb
d:\my projects\dark-basic-pro\dark basic public shared\dark basic pro sdk\darksdk\q2bsp\debug\collision.sbr
d:\my projects\dark-basic-pro\dark basic public shared\dark basic pro sdk\darksdk\q2bsp\debug\cq2bsp.sbr
d:\my projects\dark-basic-pro\dark basic public shared\dark basic pro sdk\darksdk\q2bsp\debug\loader.sbr
d:\my projects\dark-basic-pro\dark basic public shared\dark basic pro sdk\darksdk\q2bsp\debug\textures.sbr
d:\my projects\dark-basic-pro\dark basic public shared\dark basic pro sdk\darksdk\q2bsp\debug\unzip.sbr
d:\my projects\dark-basic-pro\dark basic public shared\dark basic pro sdk\darksdk\q2bsp\debug\cerror.sbr
d:\my projects\dark-basic-pro\dark basic public shared\dark basic pro sdk\darksdk\q2bsp\debug\dllmain.sbr
d:\my projects\dark-basic-pro\dark basic public shared\dark basic pro sdk\darksdk\q2bsp\debug\dllmain.obj
d:\my projects\dark-basic-pro\dark basic public shared\dark basic pro sdk\darksdk\q2bsp\debug\cerror.obj
d:\my projects\dark-basic-pro\dark basic public shared\dark basic pro sdk\darksdk\q2bsp\debug\unzip.obj
d:\my projects\dark-basic-pro\dark basic public shared\dark basic pro sdk\darksdk\q2bsp\debug\textures.obj
d:\my projects\dark-basic-pro\dark basic public shared\dark basic pro sdk\darksdk\q2bsp\debug\loader.obj
d:\my projects\dark-basic-pro\dark basic public shared\dark basic pro sdk\darksdk\q2bsp\debug\cq2bsp.obj
d:\my projects\dark-basic-pro\dark basic public shared\dark basic pro sdk\darksdk\q2bsp\debug\collision.obj
d:\my projects\dark-basic-pro\install\compiler\plugins\dbproq2bspdebug.dll
d:\my projects\dark-basic-pro\dark basic public shared\dark basic pro sdk\darksdk\q2bsp\debug\dbproq2bspdebug.pdb
d:\my projects\dark-basic-pro\dark basic public shared\dark basic pro sdk\darksdk\q2bsp\debug\dbproq2bspdebug.lib
d:\my projects\dark-basic-pro\dark basic public shared\dark basic pro sdk\darksdk\q2bsp\debug\dbproq2bspdebug.exp
d:\my projects\dark-basic-pro\dark basic public shared\dark basic pro sdk\darksdk\q2bsp\debug\q2bsp.res
d:\my projects\dark-basic-pro\dark basic public shared\dark basic pro sdk\darksdk\q2bsp\..\..\..\..\install\compiler\plugins\q2bsp.bsc
d:\my projects\dark-basic-pro\dark basic public shared\dark basic pro sdk\darksdk\q2bsp\debug\q2bsp.vcxproj.filelistabsolute.txt
d:\my projects\dark-basic-pro\dark basic public shared\dark basic pro sdk\darksdk\q2bsp\debug\q2bsp.tlog\bscmake.command.1.tlog
d:\my projects\dark-basic-pro\dark basic public shared\dark basic pro sdk\darksdk\q2bsp\debug\q2bsp.tlog\bscmake.read.1.tlog
d:\my projects\dark-basic-pro\dark basic public shared\dark basic pro sdk\darksdk\q2bsp\debug\q2bsp.tlog\bscmake.write.1.tlog
d:\my projects\dark-basic-pro\dark basic public shared\dark basic pro sdk\darksdk\q2bsp\debug\q2bsp.tlog\cl.command.1.tlog
d:\my projects\dark-basic-pro\dark basic public shared\dark basic pro sdk\darksdk\q2bsp\debug\q2bsp.tlog\cl.items.tlog
d:\my projects\dark-basic-pro\dark basic public shared\dark basic pro sdk\darksdk\q2bsp\debug\q2bsp.tlog\cl.read.1.tlog
d:\my projects\dark-basic-pro\dark basic public shared\dark basic pro sdk\darksdk\q2bsp\debug\q2bsp.tlog\cl.write.1.tlog
d:\my projects\dark-basic-pro\dark basic public shared\dark basic pro sdk\darksdk\q2bsp\debug\q2bsp.tlog\link.command.1.tlog
d:\my projects\dark-basic-pro\dark basic public shared\dark basic pro sdk\darksdk\q2bsp\debug\q2bsp.tlog\link.read.1.tlog
d:\my projects\dark-basic-pro\dark basic public shared\dark basic pro sdk\darksdk\q2bsp\debug\q2bsp.tlog\link.write.1.tlog
d:\my projects\dark-basic-pro\dark basic public shared\dark basic pro sdk\darksdk\q2bsp\debug\q2bsp.tlog\link.write.2u.tlog
d:\my projects\dark-basic-pro\dark basic public shared\dark basic pro sdk\darksdk\q2bsp\debug\q2bsp.tlog\rc.command.1.tlog
d:\my projects\dark-basic-pro\dark basic public shared\dark basic pro sdk\darksdk\q2bsp\debug\q2bsp.tlog\rc.read.1.tlog
d:\my projects\dark-basic-pro\dark basic public shared\dark basic pro sdk\darksdk\q2bsp\debug\q2bsp.tlog\rc.write.1.tlog
