d:\my projects\dark-basic-pro\install\compiler\plugins\file.bsc
d:\my projects\dark-basic-pro\dark basic public shared\dark basic pro sdk\darksdk\file\debug\vc143.pdb
d:\my projects\dark-basic-pro\dark basic public shared\dark basic pro sdk\darksdk\file\debug\steamcheckforworkshop.sbr
d:\my projects\dark-basic-pro\dark basic public shared\dark basic pro sdk\darksdk\file\debug\steamcheckforworkshop.obj
d:\my projects\dark-basic-pro\dark basic public shared\dark basic pro sdk\darksdk\file\debug\cfilec.sbr
d:\my projects\dark-basic-pro\dark basic public shared\dark basic pro sdk\darksdk\file\debug\cerror.sbr
d:\my projects\dark-basic-pro\dark basic public shared\dark basic pro sdk\darksdk\file\debug\dllmain.sbr
d:\my projects\dark-basic-pro\dark basic public shared\dark basic pro sdk\darksdk\file\debug\globstruct.sbr
d:\my projects\dark-basic-pro\dark basic public shared\dark basic pro sdk\darksdk\file\debug\globstruct.obj
d:\my projects\dark-basic-pro\dark basic public shared\dark basic pro sdk\darksdk\file\debug\dllmain.obj
d:\my projects\dark-basic-pro\dark basic public shared\dark basic pro sdk\darksdk\file\debug\cerror.obj
d:\my projects\dark-basic-pro\dark basic public shared\dark basic pro sdk\darksdk\file\debug\cfilec.obj
d:\my projects\dark-basic-pro\install\compiler\plugins\dbprofiledebug.dll
d:\my projects\dark-basic-pro\dark basic public shared\dark basic pro sdk\darksdk\file\debug\dbprofiledebug.pdb
d:\my projects\dark-basic-pro\dark basic public shared\dark basic pro sdk\darksdk\file\debug\dbprofiledebug.lib
d:\my projects\dark-basic-pro\dark basic public shared\dark basic pro sdk\darksdk\file\debug\dbprofiledebug.exp
d:\my projects\dark-basic-pro\dark basic public shared\dark basic pro sdk\darksdk\file\debug\fileplus.res
d:\my projects\dark-basic-pro\dark basic public shared\dark basic pro sdk\darksdk\file\..\..\..\..\install\compiler\plugins\file.bsc
d:\my projects\dark-basic-pro\dark basic public shared\dark basic pro sdk\darksdk\file\debug\file.vcxproj.filelistabsolute.txt
d:\my projects\dark-basic-pro\dark basic public shared\dark basic pro sdk\darksdk\file\debug\file.tlog\bscmake.command.1.tlog
d:\my projects\dark-basic-pro\dark basic public shared\dark basic pro sdk\darksdk\file\debug\file.tlog\bscmake.read.1.tlog
d:\my projects\dark-basic-pro\dark basic public shared\dark basic pro sdk\darksdk\file\debug\file.tlog\bscmake.write.1.tlog
d:\my projects\dark-basic-pro\dark basic public shared\dark basic pro sdk\darksdk\file\debug\file.tlog\cl.command.1.tlog
d:\my projects\dark-basic-pro\dark basic public shared\dark basic pro sdk\darksdk\file\debug\file.tlog\cl.items.tlog
d:\my projects\dark-basic-pro\dark basic public shared\dark basic pro sdk\darksdk\file\debug\file.tlog\cl.read.1.tlog
d:\my projects\dark-basic-pro\dark basic public shared\dark basic pro sdk\darksdk\file\debug\file.tlog\cl.write.1.tlog
d:\my projects\dark-basic-pro\dark basic public shared\dark basic pro sdk\darksdk\file\debug\file.tlog\link.command.1.tlog
d:\my projects\dark-basic-pro\dark basic public shared\dark basic pro sdk\darksdk\file\debug\file.tlog\link.read.1.tlog
d:\my projects\dark-basic-pro\dark basic public shared\dark basic pro sdk\darksdk\file\debug\file.tlog\link.write.1.tlog
d:\my projects\dark-basic-pro\dark basic public shared\dark basic pro sdk\darksdk\file\debug\file.tlog\link.write.2u.tlog
d:\my projects\dark-basic-pro\dark basic public shared\dark basic pro sdk\darksdk\file\debug\file.tlog\rc.command.1.tlog
d:\my projects\dark-basic-pro\dark basic public shared\dark basic pro sdk\darksdk\file\debug\file.tlog\rc.read.1.tlog
d:\my projects\dark-basic-pro\dark basic public shared\dark basic pro sdk\darksdk\file\debug\file.tlog\rc.write.1.tlog
