d:\my projects\dark-basic-pro\install\compiler\plugins\basic2d.bsc
d:\my projects\dark-basic-pro\dark basic public shared\dark basic pro sdk\darksdk\basic2d\debug\vc143.pdb
d:\my projects\dark-basic-pro\dark basic public shared\dark basic pro sdk\darksdk\basic2d\debug\cbasic2dc.sbr
d:\my projects\dark-basic-pro\dark basic public shared\dark basic pro sdk\darksdk\basic2d\debug\cerror.sbr
d:\my projects\dark-basic-pro\dark basic public shared\dark basic pro sdk\darksdk\basic2d\debug\dllmain.sbr
d:\my projects\dark-basic-pro\dark basic public shared\dark basic pro sdk\darksdk\basic2d\debug\dllmain.obj
d:\my projects\dark-basic-pro\dark basic public shared\dark basic pro sdk\darksdk\basic2d\debug\cerror.obj
d:\my projects\dark-basic-pro\dark basic public shared\dark basic pro sdk\darksdk\basic2d\debug\cbasic2dc.obj
d:\my projects\dark-basic-pro\install\compiler\plugins\dbprobasic2ddebug.dll
d:\my projects\dark-basic-pro\dark basic public shared\dark basic pro sdk\darksdk\basic2d\debug\dbprobasic2ddebug.pdb
d:\my projects\dark-basic-pro\dark basic public shared\dark basic pro sdk\darksdk\basic2d\debug\dbprobasic2ddebug.lib
d:\my projects\dark-basic-pro\dark basic public shared\dark basic pro sdk\darksdk\basic2d\debug\dbprobasic2ddebug.exp
d:\my projects\dark-basic-pro\dark basic public shared\dark basic pro sdk\darksdk\basic2d\debug\basic2d.res
d:\my projects\dark-basic-pro\dark basic public shared\dark basic pro sdk\darksdk\basic2d\..\..\..\..\install\compiler\plugins\basic2d.bsc
d:\my projects\dark-basic-pro\dark basic public shared\dark basic pro sdk\darksdk\basic2d\debug\basic2d.vcxproj.filelistabsolute.txt
d:\my projects\dark-basic-pro\dark basic public shared\dark basic pro sdk\darksdk\basic2d\debug\basic2d.tlog\bscmake.command.1.tlog
d:\my projects\dark-basic-pro\dark basic public shared\dark basic pro sdk\darksdk\basic2d\debug\basic2d.tlog\bscmake.read.1.tlog
d:\my projects\dark-basic-pro\dark basic public shared\dark basic pro sdk\darksdk\basic2d\debug\basic2d.tlog\bscmake.write.1.tlog
d:\my projects\dark-basic-pro\dark basic public shared\dark basic pro sdk\darksdk\basic2d\debug\basic2d.tlog\cl.command.1.tlog
d:\my projects\dark-basic-pro\dark basic public shared\dark basic pro sdk\darksdk\basic2d\debug\basic2d.tlog\cl.items.tlog
d:\my projects\dark-basic-pro\dark basic public shared\dark basic pro sdk\darksdk\basic2d\debug\basic2d.tlog\cl.read.1.tlog
d:\my projects\dark-basic-pro\dark basic public shared\dark basic pro sdk\darksdk\basic2d\debug\basic2d.tlog\cl.write.1.tlog
d:\my projects\dark-basic-pro\dark basic public shared\dark basic pro sdk\darksdk\basic2d\debug\basic2d.tlog\link.command.1.tlog
d:\my projects\dark-basic-pro\dark basic public shared\dark basic pro sdk\darksdk\basic2d\debug\basic2d.tlog\link.read.1.tlog
d:\my projects\dark-basic-pro\dark basic public shared\dark basic pro sdk\darksdk\basic2d\debug\basic2d.tlog\link.write.1.tlog
d:\my projects\dark-basic-pro\dark basic public shared\dark basic pro sdk\darksdk\basic2d\debug\basic2d.tlog\link.write.2u.tlog
d:\my projects\dark-basic-pro\dark basic public shared\dark basic pro sdk\darksdk\basic2d\debug\basic2d.tlog\rc.command.1.tlog
d:\my projects\dark-basic-pro\dark basic public shared\dark basic pro sdk\darksdk\basic2d\debug\basic2d.tlog\rc.read.1.tlog
d:\my projects\dark-basic-pro\dark basic public shared\dark basic pro sdk\darksdk\basic2d\debug\basic2d.tlog\rc.write.1.tlog
