d:\my projects\dark-basic-pro\install\compiler\plugins\convmd2.bsc
d:\my projects\dark-basic-pro\dark basic public shared\dark basic pro sdk\darksdk\convmd2\debug\vc143.pdb
d:\my projects\dark-basic-pro\dark basic public shared\dark basic pro sdk\darksdk\convmd2\debug\dboblock.sbr
d:\my projects\dark-basic-pro\dark basic public shared\dark basic pro sdk\darksdk\convmd2\debug\dbodata.sbr
d:\my projects\dark-basic-pro\dark basic public shared\dark basic pro sdk\darksdk\convmd2\debug\dboeffects.sbr
d:\my projects\dark-basic-pro\dark basic public shared\dark basic pro sdk\darksdk\convmd2\debug\dboexternals.sbr
d:\my projects\dark-basic-pro\dark basic public shared\dark basic pro sdk\darksdk\convmd2\debug\dbofile.sbr
d:\my projects\dark-basic-pro\dark basic public shared\dark basic pro sdk\darksdk\convmd2\debug\dboformat.sbr
d:\my projects\dark-basic-pro\dark basic public shared\dark basic pro sdk\darksdk\convmd2\debug\dboframe.sbr
d:\my projects\dark-basic-pro\dark basic public shared\dark basic pro sdk\darksdk\convmd2\debug\dbomesh.sbr
d:\my projects\dark-basic-pro\dark basic public shared\dark basic pro sdk\darksdk\convmd2\debug\dborawmesh.sbr
d:\my projects\dark-basic-pro\dark basic public shared\dark basic pro sdk\darksdk\convmd2\debug\nvmeshmenderd3dx.sbr
d:\my projects\dark-basic-pro\dark basic public shared\dark basic pro sdk\darksdk\convmd2\debug\cerror.sbr
d:\my projects\dark-basic-pro\dark basic public shared\dark basic pro sdk\darksdk\convmd2\debug\convmd2.sbr
d:\my projects\dark-basic-pro\dark basic public shared\dark basic pro sdk\darksdk\convmd2\debug\cerror.obj
d:\my projects\dark-basic-pro\dark basic public shared\dark basic pro sdk\darksdk\convmd2\debug\nvmeshmenderd3dx.obj
d:\my projects\dark-basic-pro\dark basic public shared\dark basic pro sdk\darksdk\convmd2\debug\dboexternals.obj
d:\my projects\dark-basic-pro\dark basic public shared\dark basic pro sdk\darksdk\convmd2\debug\convmd2.obj
d:\my projects\dark-basic-pro\dark basic public shared\dark basic pro sdk\darksdk\convmd2\debug\dborawmesh.obj
d:\my projects\dark-basic-pro\dark basic public shared\dark basic pro sdk\darksdk\convmd2\debug\dbomesh.obj
d:\my projects\dark-basic-pro\dark basic public shared\dark basic pro sdk\darksdk\convmd2\debug\dboframe.obj
d:\my projects\dark-basic-pro\dark basic public shared\dark basic pro sdk\darksdk\convmd2\debug\dboformat.obj
d:\my projects\dark-basic-pro\dark basic public shared\dark basic pro sdk\darksdk\convmd2\debug\dbofile.obj
d:\my projects\dark-basic-pro\dark basic public shared\dark basic pro sdk\darksdk\convmd2\debug\dboeffects.obj
d:\my projects\dark-basic-pro\dark basic public shared\dark basic pro sdk\darksdk\convmd2\debug\dbodata.obj
d:\my projects\dark-basic-pro\dark basic public shared\dark basic pro sdk\darksdk\convmd2\debug\dboblock.obj
d:\my projects\dark-basic-pro\install\compiler\plugins\convmd2.dll
d:\my projects\dark-basic-pro\dark basic public shared\dark basic pro sdk\darksdk\convmd2\debug\convmd2.pdb
d:\my projects\dark-basic-pro\dark basic public shared\dark basic pro sdk\darksdk\convmd2\debug\convmd2.lib
d:\my projects\dark-basic-pro\dark basic public shared\dark basic pro sdk\darksdk\convmd2\debug\convmd2.exp
d:\my projects\dark-basic-pro\dark basic public shared\dark basic pro sdk\darksdk\convmd2\..\..\..\..\install\compiler\plugins\convmd2.bsc
d:\my projects\dark-basic-pro\dark basic public shared\dark basic pro sdk\darksdk\convmd2\debug\convmd2.vcxproj.filelistabsolute.txt
d:\my projects\dark-basic-pro\dark basic public shared\dark basic pro sdk\darksdk\convmd2\debug\convmd2.tlog\bscmake.command.1.tlog
d:\my projects\dark-basic-pro\dark basic public shared\dark basic pro sdk\darksdk\convmd2\debug\convmd2.tlog\bscmake.read.1.tlog
d:\my projects\dark-basic-pro\dark basic public shared\dark basic pro sdk\darksdk\convmd2\debug\convmd2.tlog\bscmake.write.1.tlog
d:\my projects\dark-basic-pro\dark basic public shared\dark basic pro sdk\darksdk\convmd2\debug\convmd2.tlog\cl.command.1.tlog
d:\my projects\dark-basic-pro\dark basic public shared\dark basic pro sdk\darksdk\convmd2\debug\convmd2.tlog\cl.items.tlog
d:\my projects\dark-basic-pro\dark basic public shared\dark basic pro sdk\darksdk\convmd2\debug\convmd2.tlog\cl.read.1.tlog
d:\my projects\dark-basic-pro\dark basic public shared\dark basic pro sdk\darksdk\convmd2\debug\convmd2.tlog\cl.write.1.tlog
d:\my projects\dark-basic-pro\dark basic public shared\dark basic pro sdk\darksdk\convmd2\debug\convmd2.tlog\link.command.1.tlog
d:\my projects\dark-basic-pro\dark basic public shared\dark basic pro sdk\darksdk\convmd2\debug\convmd2.tlog\link.read.1.tlog
d:\my projects\dark-basic-pro\dark basic public shared\dark basic pro sdk\darksdk\convmd2\debug\convmd2.tlog\link.write.1.tlog
d:\my projects\dark-basic-pro\dark basic public shared\dark basic pro sdk\darksdk\convmd2\debug\convmd2.tlog\link.write.2u.tlog
