d:\my projects\dark-basic-pro\install\compiler\plugins\matrix.bsc
d:\my projects\dark-basic-pro\dark basic public shared\dark basic pro sdk\darksdk\matrix\debug\vc143.pdb
d:\my projects\dark-basic-pro\dark basic public shared\dark basic pro sdk\darksdk\matrix\debug\cmatrixc.sbr
d:\my projects\dark-basic-pro\dark basic public shared\dark basic pro sdk\darksdk\matrix\debug\cmatrixmanagerc.sbr
d:\my projects\dark-basic-pro\dark basic public shared\dark basic pro sdk\darksdk\matrix\debug\cdatac.sbr
d:\my projects\dark-basic-pro\dark basic public shared\dark basic pro sdk\darksdk\matrix\debug\cpositionc.sbr
d:\my projects\dark-basic-pro\dark basic public shared\dark basic pro sdk\darksdk\matrix\debug\cerror.sbr
d:\my projects\dark-basic-pro\dark basic public shared\dark basic pro sdk\darksdk\matrix\debug\dllmain.sbr
d:\my projects\dark-basic-pro\dark basic public shared\dark basic pro sdk\darksdk\matrix\debug\dllmain.obj
d:\my projects\dark-basic-pro\dark basic public shared\dark basic pro sdk\darksdk\matrix\debug\cerror.obj
d:\my projects\dark-basic-pro\dark basic public shared\dark basic pro sdk\darksdk\matrix\debug\cpositionc.obj
d:\my projects\dark-basic-pro\dark basic public shared\dark basic pro sdk\darksdk\matrix\debug\cdatac.obj
d:\my projects\dark-basic-pro\dark basic public shared\dark basic pro sdk\darksdk\matrix\debug\cmatrixmanagerc.obj
d:\my projects\dark-basic-pro\dark basic public shared\dark basic pro sdk\darksdk\matrix\debug\cmatrixc.obj
d:\my projects\dark-basic-pro\install\compiler\plugins\dbpromatrixdebug.dll
d:\my projects\dark-basic-pro\dark basic public shared\dark basic pro sdk\darksdk\matrix\debug\dbpromatrixdebug.pdb
d:\my projects\dark-basic-pro\dark basic public shared\dark basic pro sdk\darksdk\matrix\debug\dbpromatrixdebug.lib
d:\my projects\dark-basic-pro\dark basic public shared\dark basic pro sdk\darksdk\matrix\debug\dbpromatrixdebug.exp
d:\my projects\dark-basic-pro\dark basic public shared\dark basic pro sdk\darksdk\matrix\debug\matrix.res
d:\my projects\dark-basic-pro\dark basic public shared\dark basic pro sdk\darksdk\matrix\..\..\..\..\install\compiler\plugins\matrix.bsc
d:\my projects\dark-basic-pro\dark basic public shared\dark basic pro sdk\darksdk\matrix\debug\matrix.vcxproj.filelistabsolute.txt
d:\my projects\dark-basic-pro\dark basic public shared\dark basic pro sdk\darksdk\matrix\debug\matrix.tlog\bscmake.command.1.tlog
d:\my projects\dark-basic-pro\dark basic public shared\dark basic pro sdk\darksdk\matrix\debug\matrix.tlog\bscmake.read.1.tlog
d:\my projects\dark-basic-pro\dark basic public shared\dark basic pro sdk\darksdk\matrix\debug\matrix.tlog\bscmake.write.1.tlog
d:\my projects\dark-basic-pro\dark basic public shared\dark basic pro sdk\darksdk\matrix\debug\matrix.tlog\cl.command.1.tlog
d:\my projects\dark-basic-pro\dark basic public shared\dark basic pro sdk\darksdk\matrix\debug\matrix.tlog\cl.items.tlog
d:\my projects\dark-basic-pro\dark basic public shared\dark basic pro sdk\darksdk\matrix\debug\matrix.tlog\cl.read.1.tlog
d:\my projects\dark-basic-pro\dark basic public shared\dark basic pro sdk\darksdk\matrix\debug\matrix.tlog\cl.write.1.tlog
d:\my projects\dark-basic-pro\dark basic public shared\dark basic pro sdk\darksdk\matrix\debug\matrix.tlog\link.command.1.tlog
d:\my projects\dark-basic-pro\dark basic public shared\dark basic pro sdk\darksdk\matrix\debug\matrix.tlog\link.read.1.tlog
d:\my projects\dark-basic-pro\dark basic public shared\dark basic pro sdk\darksdk\matrix\debug\matrix.tlog\link.write.1.tlog
d:\my projects\dark-basic-pro\dark basic public shared\dark basic pro sdk\darksdk\matrix\debug\matrix.tlog\link.write.2u.tlog
d:\my projects\dark-basic-pro\dark basic public shared\dark basic pro sdk\darksdk\matrix\debug\matrix.tlog\rc.command.1.tlog
d:\my projects\dark-basic-pro\dark basic public shared\dark basic pro sdk\darksdk\matrix\debug\matrix.tlog\rc.read.1.tlog
d:\my projects\dark-basic-pro\dark basic public shared\dark basic pro sdk\darksdk\matrix\debug\matrix.tlog\rc.write.1.tlog
