d:\my projects\dark-basic-pro\dark basic public shared\dark basic pro sdk\darksdk\memblocks\debug\vc143.pdb
d:\my projects\dark-basic-pro\dark basic public shared\dark basic pro sdk\darksdk\memblocks\debug\cerror.obj
d:\my projects\dark-basic-pro\dark basic public shared\dark basic pro sdk\darksdk\memblocks\debug\cmemblocks.obj
d:\my projects\dark-basic-pro\dark basic public shared\dark basic pro sdk\darksdk\memblocks\debug\dllmain.obj
d:\my projects\dark-basic-pro\install\compiler\plugins\dbpromemblocksdebug.dll
d:\my projects\dark-basic-pro\dark basic public shared\dark basic pro sdk\darksdk\memblocks\debug\dbpromemblocksdebug.pdb
d:\my projects\dark-basic-pro\dark basic public shared\dark basic pro sdk\darksdk\memblocks\debug\dbpromemblocksdebug.lib
d:\my projects\dark-basic-pro\dark basic public shared\dark basic pro sdk\darksdk\memblocks\debug\dbpromemblocksdebug.exp
d:\my projects\dark-basic-pro\dark basic public shared\dark basic pro sdk\darksdk\memblocks\debug\memblocks.res
d:\my projects\dark-basic-pro\dark basic public shared\dark basic pro sdk\darksdk\memblocks\debug\memblocks.vcxproj.filelistabsolute.txt
d:\my projects\dark-basic-pro\dark basic public shared\dark basic pro sdk\darksdk\memblocks\debug\memblocks.tlog\cl.command.1.tlog
d:\my projects\dark-basic-pro\dark basic public shared\dark basic pro sdk\darksdk\memblocks\debug\memblocks.tlog\cl.items.tlog
d:\my projects\dark-basic-pro\dark basic public shared\dark basic pro sdk\darksdk\memblocks\debug\memblocks.tlog\cl.read.1.tlog
d:\my projects\dark-basic-pro\dark basic public shared\dark basic pro sdk\darksdk\memblocks\debug\memblocks.tlog\cl.write.1.tlog
d:\my projects\dark-basic-pro\dark basic public shared\dark basic pro sdk\darksdk\memblocks\debug\memblocks.tlog\link.command.1.tlog
d:\my projects\dark-basic-pro\dark basic public shared\dark basic pro sdk\darksdk\memblocks\debug\memblocks.tlog\link.read.1.tlog
d:\my projects\dark-basic-pro\dark basic public shared\dark basic pro sdk\darksdk\memblocks\debug\memblocks.tlog\link.write.1.tlog
d:\my projects\dark-basic-pro\dark basic public shared\dark basic pro sdk\darksdk\memblocks\debug\memblocks.tlog\link.write.2u.tlog
d:\my projects\dark-basic-pro\dark basic public shared\dark basic pro sdk\darksdk\memblocks\debug\memblocks.tlog\rc.command.1.tlog
d:\my projects\dark-basic-pro\dark basic public shared\dark basic pro sdk\darksdk\memblocks\debug\memblocks.tlog\rc.read.1.tlog
d:\my projects\dark-basic-pro\dark basic public shared\dark basic pro sdk\darksdk\memblocks\debug\memblocks.tlog\rc.write.1.tlog
