d:\my projects\dark-basic-pro\install\compiler\plugins\text.bsc
d:\my projects\dark-basic-pro\dark basic public shared\dark basic pro sdk\darksdk\text\debug\vc143.pdb
d:\my projects\dark-basic-pro\dark basic public shared\dark basic pro sdk\darksdk\text\debug\ctextc.sbr
d:\my projects\dark-basic-pro\dark basic public shared\dark basic pro sdk\darksdk\text\debug\cerror.sbr
d:\my projects\dark-basic-pro\dark basic public shared\dark basic pro sdk\darksdk\text\debug\cpositionc.sbr
d:\my projects\dark-basic-pro\dark basic public shared\dark basic pro sdk\darksdk\text\debug\dllmain.sbr
d:\my projects\dark-basic-pro\dark basic public shared\dark basic pro sdk\darksdk\text\debug\globstruct.sbr
d:\my projects\dark-basic-pro\dark basic public shared\dark basic pro sdk\darksdk\text\debug\globstruct.obj
d:\my projects\dark-basic-pro\dark basic public shared\dark basic pro sdk\darksdk\text\debug\dllmain.obj
d:\my projects\dark-basic-pro\dark basic public shared\dark basic pro sdk\darksdk\text\debug\cpositionc.obj
d:\my projects\dark-basic-pro\dark basic public shared\dark basic pro sdk\darksdk\text\debug\cerror.obj
d:\my projects\dark-basic-pro\dark basic public shared\dark basic pro sdk\darksdk\text\debug\ctextc.obj
d:\my projects\dark-basic-pro\install\compiler\plugins\dbprotextdebug.dll
d:\my projects\dark-basic-pro\dark basic public shared\dark basic pro sdk\darksdk\text\debug\dbprotextdebug.pdb
d:\my projects\dark-basic-pro\dark basic public shared\dark basic pro sdk\darksdk\text\debug\dbprotextdebug.lib
d:\my projects\dark-basic-pro\dark basic public shared\dark basic pro sdk\darksdk\text\debug\dbprotextdebug.exp
d:\my projects\dark-basic-pro\dark basic public shared\dark basic pro sdk\darksdk\text\debug\text.res
d:\my projects\dark-basic-pro\dark basic public shared\dark basic pro sdk\darksdk\text\..\..\..\..\install\compiler\plugins\text.bsc
d:\my projects\dark-basic-pro\dark basic public shared\dark basic pro sdk\darksdk\text\debug\text.vcxproj.filelistabsolute.txt
d:\my projects\dark-basic-pro\dark basic public shared\dark basic pro sdk\darksdk\text\debug\text.tlog\bscmake.command.1.tlog
d:\my projects\dark-basic-pro\dark basic public shared\dark basic pro sdk\darksdk\text\debug\text.tlog\bscmake.read.1.tlog
d:\my projects\dark-basic-pro\dark basic public shared\dark basic pro sdk\darksdk\text\debug\text.tlog\bscmake.write.1.tlog
d:\my projects\dark-basic-pro\dark basic public shared\dark basic pro sdk\darksdk\text\debug\text.tlog\cl.command.1.tlog
d:\my projects\dark-basic-pro\dark basic public shared\dark basic pro sdk\darksdk\text\debug\text.tlog\cl.items.tlog
d:\my projects\dark-basic-pro\dark basic public shared\dark basic pro sdk\darksdk\text\debug\text.tlog\cl.read.1.tlog
d:\my projects\dark-basic-pro\dark basic public shared\dark basic pro sdk\darksdk\text\debug\text.tlog\cl.write.1.tlog
d:\my projects\dark-basic-pro\dark basic public shared\dark basic pro sdk\darksdk\text\debug\text.tlog\link.command.1.tlog
d:\my projects\dark-basic-pro\dark basic public shared\dark basic pro sdk\darksdk\text\debug\text.tlog\link.read.1.tlog
d:\my projects\dark-basic-pro\dark basic public shared\dark basic pro sdk\darksdk\text\debug\text.tlog\link.write.1.tlog
d:\my projects\dark-basic-pro\dark basic public shared\dark basic pro sdk\darksdk\text\debug\text.tlog\link.write.2u.tlog
d:\my projects\dark-basic-pro\dark basic public shared\dark basic pro sdk\darksdk\text\debug\text.tlog\rc.command.1.tlog
d:\my projects\dark-basic-pro\dark basic public shared\dark basic pro sdk\darksdk\text\debug\text.tlog\rc.read.1.tlog
d:\my projects\dark-basic-pro\dark basic public shared\dark basic pro sdk\darksdk\text\debug\text.tlog\rc.write.1.tlog
