d:\my projects\dark-basic-pro\install\compiler\plugins\vectors.bsc
d:\my projects\dark-basic-pro\dark basic public shared\dark basic pro sdk\darksdk\vectors\debug\vc143.pdb
d:\my projects\dark-basic-pro\dark basic public shared\dark basic pro sdk\darksdk\vectors\debug\cvectorc.sbr
d:\my projects\dark-basic-pro\dark basic public shared\dark basic pro sdk\darksdk\vectors\debug\cvectormanagerc.sbr
d:\my projects\dark-basic-pro\dark basic public shared\dark basic pro sdk\darksdk\vectors\debug\cerror.sbr
d:\my projects\dark-basic-pro\dark basic public shared\dark basic pro sdk\darksdk\vectors\debug\dllmain.sbr
d:\my projects\dark-basic-pro\dark basic public shared\dark basic pro sdk\darksdk\vectors\debug\dllmain.obj
d:\my projects\dark-basic-pro\dark basic public shared\dark basic pro sdk\darksdk\vectors\debug\cerror.obj
d:\my projects\dark-basic-pro\dark basic public shared\dark basic pro sdk\darksdk\vectors\debug\cvectormanagerc.obj
d:\my projects\dark-basic-pro\dark basic public shared\dark basic pro sdk\darksdk\vectors\debug\cvectorc.obj
d:\my projects\dark-basic-pro\dark basic public shared\dark basic pro sdk\darksdk\vectors\debug\dbprovectorsdebug.lib
d:\my projects\dark-basic-pro\dark basic public shared\dark basic pro sdk\darksdk\vectors\debug\dbprovectorsdebug.exp
d:\my projects\dark-basic-pro\install\compiler\plugins\dbprovectorsdebug.dll
d:\my projects\dark-basic-pro\dark basic public shared\dark basic pro sdk\darksdk\vectors\debug\dbprovectorsdebug.pdb
d:\my projects\dark-basic-pro\dark basic public shared\dark basic pro sdk\darksdk\vectors\debug\vectors.res
d:\my projects\dark-basic-pro\dark basic public shared\dark basic pro sdk\darksdk\vectors\..\..\..\..\install\compiler\plugins\vectors.bsc
d:\my projects\dark-basic-pro\dark basic public shared\dark basic pro sdk\darksdk\vectors\debug\vectors.vcxproj.filelistabsolute.txt
d:\my projects\dark-basic-pro\dark basic public shared\dark basic pro sdk\darksdk\vectors\debug\vectors.tlog\bscmake.command.1.tlog
d:\my projects\dark-basic-pro\dark basic public shared\dark basic pro sdk\darksdk\vectors\debug\vectors.tlog\bscmake.read.1.tlog
d:\my projects\dark-basic-pro\dark basic public shared\dark basic pro sdk\darksdk\vectors\debug\vectors.tlog\bscmake.write.1.tlog
d:\my projects\dark-basic-pro\dark basic public shared\dark basic pro sdk\darksdk\vectors\debug\vectors.tlog\cl.command.1.tlog
d:\my projects\dark-basic-pro\dark basic public shared\dark basic pro sdk\darksdk\vectors\debug\vectors.tlog\cl.items.tlog
d:\my projects\dark-basic-pro\dark basic public shared\dark basic pro sdk\darksdk\vectors\debug\vectors.tlog\cl.read.1.tlog
d:\my projects\dark-basic-pro\dark basic public shared\dark basic pro sdk\darksdk\vectors\debug\vectors.tlog\cl.write.1.tlog
d:\my projects\dark-basic-pro\dark basic public shared\dark basic pro sdk\darksdk\vectors\debug\vectors.tlog\link.command.1.tlog
d:\my projects\dark-basic-pro\dark basic public shared\dark basic pro sdk\darksdk\vectors\debug\vectors.tlog\link.read.1.tlog
d:\my projects\dark-basic-pro\dark basic public shared\dark basic pro sdk\darksdk\vectors\debug\vectors.tlog\link.write.1.tlog
d:\my projects\dark-basic-pro\dark basic public shared\dark basic pro sdk\darksdk\vectors\debug\vectors.tlog\link.write.2u.tlog
d:\my projects\dark-basic-pro\dark basic public shared\dark basic pro sdk\darksdk\vectors\debug\vectors.tlog\rc.command.1.tlog
d:\my projects\dark-basic-pro\dark basic public shared\dark basic pro sdk\darksdk\vectors\debug\vectors.tlog\rc.read.1.tlog
d:\my projects\dark-basic-pro\dark basic public shared\dark basic pro sdk\darksdk\vectors\debug\vectors.tlog\rc.write.1.tlog
