d:\my projects\dark-basic-pro\install\compiler\plugins\music.bsc
d:\my projects\dark-basic-pro\dark basic public shared\dark basic pro sdk\darksdk\music\debug\vc143.pdb
d:\my projects\dark-basic-pro\dark basic public shared\dark basic pro sdk\darksdk\music\debug\steamcheckforworkshop.sbr
d:\my projects\dark-basic-pro\dark basic public shared\dark basic pro sdk\darksdk\music\debug\baseplayer.sbr
d:\my projects\dark-basic-pro\dark basic public shared\dark basic pro sdk\darksdk\music\debug\cdplayer.sbr
d:\my projects\dark-basic-pro\dark basic public shared\dark basic pro sdk\darksdk\music\debug\midiplayer.sbr
d:\my projects\dark-basic-pro\dark basic public shared\dark basic pro sdk\darksdk\music\debug\musicplayer.sbr
d:\my projects\dark-basic-pro\dark basic public shared\dark basic pro sdk\darksdk\music\debug\musicplayer.obj
d:\my projects\dark-basic-pro\dark basic public shared\dark basic pro sdk\darksdk\music\debug\midiplayer.obj
d:\my projects\dark-basic-pro\dark basic public shared\dark basic pro sdk\darksdk\music\debug\cdplayer.obj
d:\my projects\dark-basic-pro\dark basic public shared\dark basic pro sdk\darksdk\music\debug\baseplayer.obj
d:\my projects\dark-basic-pro\dark basic public shared\dark basic pro sdk\darksdk\music\debug\steamcheckforworkshop.obj
d:\my projects\dark-basic-pro\dark basic public shared\dark basic pro sdk\darksdk\music\debug\cmusicc.sbr
d:\my projects\dark-basic-pro\dark basic public shared\dark basic pro sdk\darksdk\music\debug\cmusicmanagerc.sbr
d:\my projects\dark-basic-pro\dark basic public shared\dark basic pro sdk\darksdk\music\debug\cerror.sbr
d:\my projects\dark-basic-pro\dark basic public shared\dark basic pro sdk\darksdk\music\debug\dllmain.sbr
d:\my projects\dark-basic-pro\dark basic public shared\dark basic pro sdk\darksdk\music\debug\dllmain.obj
d:\my projects\dark-basic-pro\dark basic public shared\dark basic pro sdk\darksdk\music\debug\cerror.obj
d:\my projects\dark-basic-pro\dark basic public shared\dark basic pro sdk\darksdk\music\debug\cmusicmanagerc.obj
d:\my projects\dark-basic-pro\dark basic public shared\dark basic pro sdk\darksdk\music\debug\cmusicc.obj
d:\my projects\dark-basic-pro\install\compiler\plugins\dbpromusicdebug.dll
d:\my projects\dark-basic-pro\dark basic public shared\dark basic pro sdk\darksdk\music\debug\dbpromusicdebug.pdb
d:\my projects\dark-basic-pro\dark basic public shared\dark basic pro sdk\darksdk\music\debug\dbpromusicdebug.lib
d:\my projects\dark-basic-pro\dark basic public shared\dark basic pro sdk\darksdk\music\debug\dbpromusicdebug.exp
d:\my projects\dark-basic-pro\dark basic public shared\dark basic pro sdk\darksdk\music\debug\music.res
d:\my projects\dark-basic-pro\dark basic public shared\dark basic pro sdk\darksdk\music\..\..\..\..\install\compiler\plugins\music.bsc
d:\my projects\dark-basic-pro\dark basic public shared\dark basic pro sdk\darksdk\music\debug\music.vcxproj.filelistabsolute.txt
d:\my projects\dark-basic-pro\dark basic public shared\dark basic pro sdk\darksdk\music\debug\music.tlog\bscmake.command.1.tlog
d:\my projects\dark-basic-pro\dark basic public shared\dark basic pro sdk\darksdk\music\debug\music.tlog\bscmake.read.1.tlog
d:\my projects\dark-basic-pro\dark basic public shared\dark basic pro sdk\darksdk\music\debug\music.tlog\bscmake.write.1.tlog
d:\my projects\dark-basic-pro\dark basic public shared\dark basic pro sdk\darksdk\music\debug\music.tlog\cl.command.1.tlog
d:\my projects\dark-basic-pro\dark basic public shared\dark basic pro sdk\darksdk\music\debug\music.tlog\cl.items.tlog
d:\my projects\dark-basic-pro\dark basic public shared\dark basic pro sdk\darksdk\music\debug\music.tlog\cl.read.1.tlog
d:\my projects\dark-basic-pro\dark basic public shared\dark basic pro sdk\darksdk\music\debug\music.tlog\cl.write.1.tlog
d:\my projects\dark-basic-pro\dark basic public shared\dark basic pro sdk\darksdk\music\debug\music.tlog\link.command.1.tlog
d:\my projects\dark-basic-pro\dark basic public shared\dark basic pro sdk\darksdk\music\debug\music.tlog\link.read.1.tlog
d:\my projects\dark-basic-pro\dark basic public shared\dark basic pro sdk\darksdk\music\debug\music.tlog\link.write.1.tlog
d:\my projects\dark-basic-pro\dark basic public shared\dark basic pro sdk\darksdk\music\debug\music.tlog\link.write.2u.tlog
d:\my projects\dark-basic-pro\dark basic public shared\dark basic pro sdk\darksdk\music\debug\music.tlog\rc.command.1.tlog
d:\my projects\dark-basic-pro\dark basic public shared\dark basic pro sdk\darksdk\music\debug\music.tlog\rc.read.1.tlog
d:\my projects\dark-basic-pro\dark basic public shared\dark basic pro sdk\darksdk\music\debug\music.tlog\rc.write.1.tlog
