d:\my projects\dark-basic-pro\install\compiler\plugins\sound.bsc
d:\my projects\dark-basic-pro\dark basic public shared\dark basic pro sdk\darksdk\sound\debug\vc143.pdb
d:\my projects\dark-basic-pro\dark basic public shared\dark basic pro sdk\darksdk\sound\debug\steamcheckforworkshop.sbr
d:\my projects\dark-basic-pro\dark basic public shared\dark basic pro sdk\darksdk\sound\debug\adpcmtowav.sbr
d:\my projects\dark-basic-pro\dark basic public shared\dark basic pro sdk\darksdk\sound\debug\adpcmtowav.obj
d:\my projects\dark-basic-pro\dark basic public shared\dark basic pro sdk\darksdk\sound\debug\steamcheckforworkshop.obj
d:\my projects\dark-basic-pro\dark basic public shared\dark basic pro sdk\darksdk\sound\debug\csoundc.sbr
d:\my projects\dark-basic-pro\dark basic public shared\dark basic pro sdk\darksdk\sound\debug\csoundmanagerc.sbr
d:\my projects\dark-basic-pro\dark basic public shared\dark basic pro sdk\darksdk\sound\debug\dsutil.sbr
d:\my projects\dark-basic-pro\dark basic public shared\dark basic pro sdk\darksdk\sound\debug\dxutil.sbr
d:\my projects\dark-basic-pro\dark basic public shared\dark basic pro sdk\darksdk\sound\debug\cerror.sbr
d:\my projects\dark-basic-pro\dark basic public shared\dark basic pro sdk\darksdk\sound\debug\cdatac.sbr
d:\my projects\dark-basic-pro\dark basic public shared\dark basic pro sdk\darksdk\sound\debug\oggvorbis.sbr
d:\my projects\dark-basic-pro\dark basic public shared\dark basic pro sdk\darksdk\sound\debug\oggvorbisencoderaudio.sbr
d:\my projects\dark-basic-pro\dark basic public shared\dark basic pro sdk\darksdk\sound\debug\oggvorbisencoderencode.sbr
d:\my projects\dark-basic-pro\dark basic public shared\dark basic pro sdk\darksdk\sound\debug\oggvorbisencodermain.sbr
d:\my projects\dark-basic-pro\dark basic public shared\dark basic pro sdk\darksdk\sound\debug\oggvorbisencoderplatform.sbr
d:\my projects\dark-basic-pro\dark basic public shared\dark basic pro sdk\darksdk\sound\debug\dllmain.sbr
d:\my projects\dark-basic-pro\dark basic public shared\dark basic pro sdk\darksdk\sound\debug\dllmain.obj
d:\my projects\dark-basic-pro\dark basic public shared\dark basic pro sdk\darksdk\sound\debug\oggvorbisencoderplatform.obj
d:\my projects\dark-basic-pro\dark basic public shared\dark basic pro sdk\darksdk\sound\debug\oggvorbisencodermain.obj
d:\my projects\dark-basic-pro\dark basic public shared\dark basic pro sdk\darksdk\sound\debug\oggvorbisencoderencode.obj
d:\my projects\dark-basic-pro\dark basic public shared\dark basic pro sdk\darksdk\sound\debug\oggvorbisencoderaudio.obj
d:\my projects\dark-basic-pro\dark basic public shared\dark basic pro sdk\darksdk\sound\debug\oggvorbis.obj
d:\my projects\dark-basic-pro\dark basic public shared\dark basic pro sdk\darksdk\sound\debug\cdatac.obj
d:\my projects\dark-basic-pro\dark basic public shared\dark basic pro sdk\darksdk\sound\debug\cerror.obj
d:\my projects\dark-basic-pro\dark basic public shared\dark basic pro sdk\darksdk\sound\debug\dxutil.obj
d:\my projects\dark-basic-pro\dark basic public shared\dark basic pro sdk\darksdk\sound\debug\dsutil.obj
d:\my projects\dark-basic-pro\dark basic public shared\dark basic pro sdk\darksdk\sound\debug\csoundmanagerc.obj
d:\my projects\dark-basic-pro\dark basic public shared\dark basic pro sdk\darksdk\sound\debug\csoundc.obj
d:\my projects\dark-basic-pro\dark basic public shared\dark basic pro sdk\darksdk\sound\debug\sound.ilk
d:\my projects\dark-basic-pro\install\compiler\plugins\dbprosounddebug.dll
d:\my projects\dark-basic-pro\dark basic public shared\dark basic pro sdk\darksdk\sound\debug\dbprosounddebug.pdb
d:\my projects\dark-basic-pro\dark basic public shared\dark basic pro sdk\darksdk\sound\debug\dbprosounddebug.lib
d:\my projects\dark-basic-pro\dark basic public shared\dark basic pro sdk\darksdk\sound\debug\dbprosounddebug.exp
d:\my projects\dark-basic-pro\dark basic public shared\dark basic pro sdk\darksdk\sound\debug\sound.res
d:\my projects\dark-basic-pro\dark basic public shared\dark basic pro sdk\darksdk\sound\..\..\..\..\install\compiler\plugins\sound.bsc
d:\my projects\dark-basic-pro\dark basic public shared\dark basic pro sdk\darksdk\sound\debug\sound.vcxproj.filelistabsolute.txt
d:\my projects\dark-basic-pro\dark basic public shared\dark basic pro sdk\darksdk\sound\debug\sound.tlog\bscmake.command.1.tlog
d:\my projects\dark-basic-pro\dark basic public shared\dark basic pro sdk\darksdk\sound\debug\sound.tlog\bscmake.read.1.tlog
d:\my projects\dark-basic-pro\dark basic public shared\dark basic pro sdk\darksdk\sound\debug\sound.tlog\bscmake.write.1.tlog
d:\my projects\dark-basic-pro\dark basic public shared\dark basic pro sdk\darksdk\sound\debug\sound.tlog\cl.command.1.tlog
d:\my projects\dark-basic-pro\dark basic public shared\dark basic pro sdk\darksdk\sound\debug\sound.tlog\cl.items.tlog
d:\my projects\dark-basic-pro\dark basic public shared\dark basic pro sdk\darksdk\sound\debug\sound.tlog\cl.read.1.tlog
d:\my projects\dark-basic-pro\dark basic public shared\dark basic pro sdk\darksdk\sound\debug\sound.tlog\cl.write.1.tlog
d:\my projects\dark-basic-pro\dark basic public shared\dark basic pro sdk\darksdk\sound\debug\sound.tlog\link.command.1.tlog
d:\my projects\dark-basic-pro\dark basic public shared\dark basic pro sdk\darksdk\sound\debug\sound.tlog\link.read.1.tlog
d:\my projects\dark-basic-pro\dark basic public shared\dark basic pro sdk\darksdk\sound\debug\sound.tlog\link.write.1.tlog
d:\my projects\dark-basic-pro\dark basic public shared\dark basic pro sdk\darksdk\sound\debug\sound.tlog\link.write.2u.tlog
d:\my projects\dark-basic-pro\dark basic public shared\dark basic pro sdk\darksdk\sound\debug\sound.tlog\rc.command.1.tlog
d:\my projects\dark-basic-pro\dark basic public shared\dark basic pro sdk\darksdk\sound\debug\sound.tlog\rc.read.1.tlog
d:\my projects\dark-basic-pro\dark basic public shared\dark basic pro sdk\darksdk\sound\debug\sound.tlog\rc.write.1.tlog
