d:\my projects\dark-basic-pro\install\compiler\plugins\q3bsp.bsc
d:\my projects\dark-basic-pro\dark basic public shared\dark basic pro sdk\darksdk\q3bsp\debug\vc143.pdb
d:\my projects\dark-basic-pro\dark basic public shared\dark basic pro sdk\darksdk\q3bsp\debug\cbspfile.sbr
d:\my projects\dark-basic-pro\dark basic public shared\dark basic pro sdk\darksdk\q3bsp\debug\loader.sbr
d:\my projects\dark-basic-pro\dark basic public shared\dark basic pro sdk\darksdk\q3bsp\debug\unzip.sbr
d:\my projects\dark-basic-pro\dark basic public shared\dark basic pro sdk\darksdk\q3bsp\debug\patch.sbr
d:\my projects\dark-basic-pro\dark basic public shared\dark basic pro sdk\darksdk\q3bsp\debug\shaders.sbr
d:\my projects\dark-basic-pro\dark basic public shared\dark basic pro sdk\darksdk\q3bsp\debug\textures.sbr
d:\my projects\dark-basic-pro\dark basic public shared\dark basic pro sdk\darksdk\q3bsp\debug\cerror.sbr
d:\my projects\dark-basic-pro\dark basic public shared\dark basic pro sdk\darksdk\q3bsp\debug\collision.sbr
d:\my projects\dark-basic-pro\dark basic public shared\dark basic pro sdk\darksdk\q3bsp\debug\3dmath.sbr
d:\my projects\dark-basic-pro\dark basic public shared\dark basic pro sdk\darksdk\q3bsp\debug\col_response.sbr
d:\my projects\dark-basic-pro\dark basic public shared\dark basic pro sdk\darksdk\q3bsp\debug\col_step.sbr
d:\my projects\dark-basic-pro\dark basic public shared\dark basic pro sdk\darksdk\q3bsp\debug\col_types.sbr
d:\my projects\dark-basic-pro\dark basic public shared\dark basic pro sdk\darksdk\q3bsp\debug\dllmain.sbr
d:\my projects\dark-basic-pro\dark basic public shared\dark basic pro sdk\darksdk\q3bsp\debug\dllmain.obj
d:\my projects\dark-basic-pro\dark basic public shared\dark basic pro sdk\darksdk\q3bsp\debug\col_types.obj
d:\my projects\dark-basic-pro\dark basic public shared\dark basic pro sdk\darksdk\q3bsp\debug\col_step.obj
d:\my projects\dark-basic-pro\dark basic public shared\dark basic pro sdk\darksdk\q3bsp\debug\col_response.obj
d:\my projects\dark-basic-pro\dark basic public shared\dark basic pro sdk\darksdk\q3bsp\debug\3dmath.obj
d:\my projects\dark-basic-pro\dark basic public shared\dark basic pro sdk\darksdk\q3bsp\debug\collision.obj
d:\my projects\dark-basic-pro\dark basic public shared\dark basic pro sdk\darksdk\q3bsp\debug\cerror.obj
d:\my projects\dark-basic-pro\dark basic public shared\dark basic pro sdk\darksdk\q3bsp\debug\textures.obj
d:\my projects\dark-basic-pro\dark basic public shared\dark basic pro sdk\darksdk\q3bsp\debug\shaders.obj
d:\my projects\dark-basic-pro\dark basic public shared\dark basic pro sdk\darksdk\q3bsp\debug\patch.obj
d:\my projects\dark-basic-pro\dark basic public shared\dark basic pro sdk\darksdk\q3bsp\debug\unzip.obj
d:\my projects\dark-basic-pro\dark basic public shared\dark basic pro sdk\darksdk\q3bsp\debug\loader.obj
d:\my projects\dark-basic-pro\dark basic public shared\dark basic pro sdk\darksdk\q3bsp\debug\cbspfile.obj
d:\my projects\dark-basic-pro\install\compiler\plugins\dbproq3bspdebug.dll
d:\my projects\dark-basic-pro\dark basic public shared\dark basic pro sdk\darksdk\q3bsp\debug\dbproworld3ddebug.pdb
d:\my projects\dark-basic-pro\dark basic public shared\dark basic pro sdk\darksdk\q3bsp\debug\dbproworld3ddebug.lib
d:\my projects\dark-basic-pro\dark basic public shared\dark basic pro sdk\darksdk\q3bsp\debug\dbproworld3ddebug.exp
d:\my projects\dark-basic-pro\dark basic public shared\dark basic pro sdk\darksdk\q3bsp\debug\q3bsp.res
d:\my projects\dark-basic-pro\dark basic public shared\dark basic pro sdk\darksdk\q3bsp\..\..\..\..\install\compiler\plugins\q3bsp.bsc
d:\my projects\dark-basic-pro\dark basic public shared\dark basic pro sdk\darksdk\q3bsp\debug\q3bsp.vcxproj.filelistabsolute.txt
d:\my projects\dark-basic-pro\dark basic public shared\dark basic pro sdk\darksdk\q3bsp\debug\q3bsp.tlog\bscmake.command.1.tlog
d:\my projects\dark-basic-pro\dark basic public shared\dark basic pro sdk\darksdk\q3bsp\debug\q3bsp.tlog\bscmake.read.1.tlog
d:\my projects\dark-basic-pro\dark basic public shared\dark basic pro sdk\darksdk\q3bsp\debug\q3bsp.tlog\bscmake.write.1.tlog
d:\my projects\dark-basic-pro\dark basic public shared\dark basic pro sdk\darksdk\q3bsp\debug\q3bsp.tlog\cl.command.1.tlog
d:\my projects\dark-basic-pro\dark basic public shared\dark basic pro sdk\darksdk\q3bsp\debug\q3bsp.tlog\cl.items.tlog
d:\my projects\dark-basic-pro\dark basic public shared\dark basic pro sdk\darksdk\q3bsp\debug\q3bsp.tlog\cl.read.1.tlog
d:\my projects\dark-basic-pro\dark basic public shared\dark basic pro sdk\darksdk\q3bsp\debug\q3bsp.tlog\cl.write.1.tlog
d:\my projects\dark-basic-pro\dark basic public shared\dark basic pro sdk\darksdk\q3bsp\debug\q3bsp.tlog\link.command.1.tlog
d:\my projects\dark-basic-pro\dark basic public shared\dark basic pro sdk\darksdk\q3bsp\debug\q3bsp.tlog\link.read.1.tlog
d:\my projects\dark-basic-pro\dark basic public shared\dark basic pro sdk\darksdk\q3bsp\debug\q3bsp.tlog\link.write.1.tlog
d:\my projects\dark-basic-pro\dark basic public shared\dark basic pro sdk\darksdk\q3bsp\debug\q3bsp.tlog\link.write.2u.tlog
d:\my projects\dark-basic-pro\dark basic public shared\dark basic pro sdk\darksdk\q3bsp\debug\q3bsp.tlog\rc.command.1.tlog
d:\my projects\dark-basic-pro\dark basic public shared\dark basic pro sdk\darksdk\q3bsp\debug\q3bsp.tlog\rc.read.1.tlog
d:\my projects\dark-basic-pro\dark basic public shared\dark basic pro sdk\darksdk\q3bsp\debug\q3bsp.tlog\rc.write.1.tlog
