d:\my projects\dark-basic-pro\install\compiler\plugins\custombsp.bsc
d:\my projects\dark-basic-pro\dark basic public shared\dark basic pro sdk\darksdk\custombsp\debug\vc143.pdb
d:\my projects\dark-basic-pro\dark basic public shared\dark basic pro sdk\darksdk\custombsp\debug\cerror.sbr
d:\my projects\dark-basic-pro\dark basic public shared\dark basic pro sdk\darksdk\custombsp\debug\ccustombspc.sbr
d:\my projects\dark-basic-pro\dark basic public shared\dark basic pro sdk\darksdk\custombsp\debug\ccollisionmanager.sbr
d:\my projects\dark-basic-pro\dark basic public shared\dark basic pro sdk\darksdk\custombsp\debug\collision.sbr
d:\my projects\dark-basic-pro\dark basic public shared\dark basic pro sdk\darksdk\custombsp\debug\dllmain.sbr
d:\my projects\dark-basic-pro\dark basic public shared\dark basic pro sdk\darksdk\custombsp\debug\dllmain.obj
d:\my projects\dark-basic-pro\dark basic public shared\dark basic pro sdk\darksdk\custombsp\debug\collision.obj
d:\my projects\dark-basic-pro\dark basic public shared\dark basic pro sdk\darksdk\custombsp\debug\ccollisionmanager.obj
d:\my projects\dark-basic-pro\dark basic public shared\dark basic pro sdk\darksdk\custombsp\debug\ccustombspc.obj
d:\my projects\dark-basic-pro\dark basic public shared\dark basic pro sdk\darksdk\custombsp\debug\cerror.obj
d:\my projects\dark-basic-pro\install\compiler\plugins\dbprocustombspdebug.dll
d:\my projects\dark-basic-pro\dark basic public shared\dark basic pro sdk\darksdk\custombsp\debug\dbproownbspdebug.pdb
d:\my projects\dark-basic-pro\dark basic public shared\dark basic pro sdk\darksdk\custombsp\debug\dbproownbspdebug.lib
d:\my projects\dark-basic-pro\dark basic public shared\dark basic pro sdk\darksdk\custombsp\debug\dbproownbspdebug.exp
d:\my projects\dark-basic-pro\dark basic public shared\dark basic pro sdk\darksdk\custombsp\debug\custombsp.res
d:\my projects\dark-basic-pro\dark basic public shared\dark basic pro sdk\darksdk\custombsp\..\..\..\..\install\compiler\plugins\custombsp.bsc
d:\my projects\dark-basic-pro\dark basic public shared\dark basic pro sdk\darksdk\custombsp\debug\custombsp.vcxproj.filelistabsolute.txt
d:\my projects\dark-basic-pro\dark basic public shared\dark basic pro sdk\darksdk\custombsp\debug\custombsp.tlog\bscmake.command.1.tlog
d:\my projects\dark-basic-pro\dark basic public shared\dark basic pro sdk\darksdk\custombsp\debug\custombsp.tlog\bscmake.read.1.tlog
d:\my projects\dark-basic-pro\dark basic public shared\dark basic pro sdk\darksdk\custombsp\debug\custombsp.tlog\bscmake.write.1.tlog
d:\my projects\dark-basic-pro\dark basic public shared\dark basic pro sdk\darksdk\custombsp\debug\custombsp.tlog\cl.command.1.tlog
d:\my projects\dark-basic-pro\dark basic public shared\dark basic pro sdk\darksdk\custombsp\debug\custombsp.tlog\cl.items.tlog
d:\my projects\dark-basic-pro\dark basic public shared\dark basic pro sdk\darksdk\custombsp\debug\custombsp.tlog\cl.read.1.tlog
d:\my projects\dark-basic-pro\dark basic public shared\dark basic pro sdk\darksdk\custombsp\debug\custombsp.tlog\cl.write.1.tlog
d:\my projects\dark-basic-pro\dark basic public shared\dark basic pro sdk\darksdk\custombsp\debug\custombsp.tlog\link.command.1.tlog
d:\my projects\dark-basic-pro\dark basic public shared\dark basic pro sdk\darksdk\custombsp\debug\custombsp.tlog\link.read.1.tlog
d:\my projects\dark-basic-pro\dark basic public shared\dark basic pro sdk\darksdk\custombsp\debug\custombsp.tlog\link.write.1.tlog
d:\my projects\dark-basic-pro\dark basic public shared\dark basic pro sdk\darksdk\custombsp\debug\custombsp.tlog\link.write.2u.tlog
d:\my projects\dark-basic-pro\dark basic public shared\dark basic pro sdk\darksdk\custombsp\debug\custombsp.tlog\rc.command.1.tlog
d:\my projects\dark-basic-pro\dark basic public shared\dark basic pro sdk\darksdk\custombsp\debug\custombsp.tlog\rc.read.1.tlog
d:\my projects\dark-basic-pro\dark basic public shared\dark basic pro sdk\darksdk\custombsp\debug\custombsp.tlog\rc.write.1.tlog
