d:\my projects\dark-basic-pro\install\compiler\dbpcompiler.bsc
d:\my projects\dark-basic-pro\dbprocompiler\dbpcompiler\debug\vc143.pdb
d:\my projects\dark-basic-pro\install\compiler\datatable.sbr
d:\my projects\dark-basic-pro\install\compiler\declaration.sbr
d:\my projects\dark-basic-pro\install\compiler\exeblock.sbr
d:\my projects\dark-basic-pro\install\compiler\instructiontable.sbr
d:\my projects\dark-basic-pro\install\compiler\instructiontableentry.sbr
d:\my projects\dark-basic-pro\install\compiler\labeltable.sbr
d:\my projects\dark-basic-pro\install\compiler\mathop.sbr
d:\my projects\dark-basic-pro\install\compiler\parameter.sbr
d:\my projects\dark-basic-pro\install\compiler\parsefunction.sbr
d:\my projects\dark-basic-pro\install\compiler\parseinit.sbr
d:\my projects\dark-basic-pro\install\compiler\parseinstruction.sbr
d:\my projects\dark-basic-pro\install\compiler\parsejump.sbr
d:\my projects\dark-basic-pro\install\compiler\parseloop.sbr
d:\my projects\dark-basic-pro\install\compiler\parsetype.sbr
d:\my projects\dark-basic-pro\install\compiler\parseuserfunction.sbr
d:\my projects\dark-basic-pro\install\compiler\statement.sbr
d:\my projects\dark-basic-pro\install\compiler\statementchain.sbr
d:\my projects\dark-basic-pro\install\compiler\statementlist.sbr
d:\my projects\dark-basic-pro\install\compiler\structtable.sbr
d:\my projects\dark-basic-pro\install\compiler\task.sbr
d:\my projects\dark-basic-pro\dbprocompiler\dbpcompiler\debug\task.obj
d:\my projects\dark-basic-pro\dbprocompiler\dbpcompiler\debug\structtable.obj
d:\my projects\dark-basic-pro\dbprocompiler\dbpcompiler\debug\statementlist.obj
d:\my projects\dark-basic-pro\dbprocompiler\dbpcompiler\debug\statementchain.obj
d:\my projects\dark-basic-pro\dbprocompiler\dbpcompiler\debug\statement.obj
d:\my projects\dark-basic-pro\dbprocompiler\dbpcompiler\debug\parseuserfunction.obj
d:\my projects\dark-basic-pro\dbprocompiler\dbpcompiler\debug\parsetype.obj
d:\my projects\dark-basic-pro\dbprocompiler\dbpcompiler\debug\parseloop.obj
d:\my projects\dark-basic-pro\dbprocompiler\dbpcompiler\debug\parsejump.obj
d:\my projects\dark-basic-pro\dbprocompiler\dbpcompiler\debug\parseinstruction.obj
d:\my projects\dark-basic-pro\dbprocompiler\dbpcompiler\debug\parseinit.obj
d:\my projects\dark-basic-pro\dbprocompiler\dbpcompiler\debug\parsefunction.obj
d:\my projects\dark-basic-pro\dbprocompiler\dbpcompiler\debug\parameter.obj
d:\my projects\dark-basic-pro\dbprocompiler\dbpcompiler\debug\mathop.obj
d:\my projects\dark-basic-pro\dbprocompiler\dbpcompiler\debug\labeltable.obj
d:\my projects\dark-basic-pro\dbprocompiler\dbpcompiler\debug\instructiontableentry.obj
d:\my projects\dark-basic-pro\dbprocompiler\dbpcompiler\debug\instructiontable.obj
d:\my projects\dark-basic-pro\dbprocompiler\dbpcompiler\debug\exeblock.obj
d:\my projects\dark-basic-pro\dbprocompiler\dbpcompiler\debug\declaration.obj
d:\my projects\dark-basic-pro\dbprocompiler\dbpcompiler\debug\datatable.obj
d:\my projects\dark-basic-pro\install\compiler\vartable.sbr
d:\my projects\dark-basic-pro\install\compiler\asmwriter.sbr
d:\my projects\dark-basic-pro\install\compiler\dbmwriter.sbr
d:\my projects\dark-basic-pro\install\compiler\dbpcompiler.sbr
d:\my projects\dark-basic-pro\install\compiler\debuginfo.sbr
d:\my projects\dark-basic-pro\install\compiler\encryptor.sbr
d:\my projects\dark-basic-pro\install\compiler\error.sbr
d:\my projects\dark-basic-pro\install\compiler\filebuilder.sbr
d:\my projects\dark-basic-pro\install\compiler\includetable.sbr
d:\my projects\dark-basic-pro\install\compiler\main.sbr
d:\my projects\dark-basic-pro\install\compiler\str.sbr
d:\my projects\dark-basic-pro\install\compiler\certificatekey.sbr
d:\my projects\dark-basic-pro\dbprocompiler\dbpcompiler\debug\certificatekey.obj
d:\my projects\dark-basic-pro\dbprocompiler\dbpcompiler\debug\str.obj
d:\my projects\dark-basic-pro\dbprocompiler\dbpcompiler\debug\main.obj
d:\my projects\dark-basic-pro\dbprocompiler\dbpcompiler\debug\includetable.obj
d:\my projects\dark-basic-pro\dbprocompiler\dbpcompiler\debug\filebuilder.obj
d:\my projects\dark-basic-pro\dbprocompiler\dbpcompiler\debug\error.obj
d:\my projects\dark-basic-pro\dbprocompiler\dbpcompiler\debug\encryptor.obj
d:\my projects\dark-basic-pro\dbprocompiler\dbpcompiler\debug\debuginfo.obj
d:\my projects\dark-basic-pro\dbprocompiler\dbpcompiler\debug\dbpcompiler.obj
d:\my projects\dark-basic-pro\dbprocompiler\dbpcompiler\debug\dbmwriter.obj
d:\my projects\dark-basic-pro\dbprocompiler\dbpcompiler\debug\asmwriter.obj
d:\my projects\dark-basic-pro\dbprocompiler\dbpcompiler\debug\vartable.obj
d:\my projects\dark-basic-pro\install\compiler\dib.sbr
d:\my projects\dark-basic-pro\install\compiler\icons.sbr
d:\my projects\dark-basic-pro\dbprocompiler\dbpcompiler\debug\icons.obj
d:\my projects\dark-basic-pro\dbprocompiler\dbpcompiler\debug\dib.obj
d:\my projects\dark-basic-pro\install\compiler\dbpcompiler.exe
d:\my projects\dark-basic-pro\dbprocompiler\dbpcompiler\debug\dbpcompiler.pdb
d:\my projects\dark-basic-pro\install\compiler\dbpcompiler.res
d:\my projects\dark-basic-pro\install\compiler\dbpcompiler.ilk
d:\my projects\dark-basic-pro\dbprocompiler\dbpcompiler\..\..\install\compiler\dbpcompiler.bsc
d:\my projects\dark-basic-pro\dbprocompiler\dbpcompiler\..\..\install\compiler\dbpcompiler.ilk
d:\my projects\dark-basic-pro\dbprocompiler\dbpcompiler\..\..\install\compiler\dbpcompiler.vcxproj.filelistabsolute.txt
d:\my projects\dark-basic-pro\install\compiler\dbpcompiler.tlog\bscmake.command.1.tlog
d:\my projects\dark-basic-pro\install\compiler\dbpcompiler.tlog\bscmake.read.1.tlog
d:\my projects\dark-basic-pro\install\compiler\dbpcompiler.tlog\bscmake.write.1.tlog
d:\my projects\dark-basic-pro\install\compiler\dbpcompiler.tlog\cl.command.1.tlog
d:\my projects\dark-basic-pro\install\compiler\dbpcompiler.tlog\cl.items.tlog
d:\my projects\dark-basic-pro\install\compiler\dbpcompiler.tlog\cl.read.1.tlog
d:\my projects\dark-basic-pro\install\compiler\dbpcompiler.tlog\cl.write.1.tlog
d:\my projects\dark-basic-pro\install\compiler\dbpcompiler.tlog\link.command.1.tlog
d:\my projects\dark-basic-pro\install\compiler\dbpcompiler.tlog\link.read.1.tlog
d:\my projects\dark-basic-pro\install\compiler\dbpcompiler.tlog\link.secondary.1.tlog
d:\my projects\dark-basic-pro\install\compiler\dbpcompiler.tlog\link.write.1.tlog
d:\my projects\dark-basic-pro\install\compiler\dbpcompiler.tlog\rc.command.1.tlog
d:\my projects\dark-basic-pro\install\compiler\dbpcompiler.tlog\rc.read.1.tlog
d:\my projects\dark-basic-pro\install\compiler\dbpcompiler.tlog\rc.write.1.tlog
