d:\my projects\dark-basic-pro\dark basic public shared\dark basic pro sdk\darksdk\convmd3\debug\vc143.pdb
d:\my projects\dark-basic-pro\dark basic public shared\dark basic pro sdk\darksdk\convmd3\debug\globstruct.obj
d:\my projects\dark-basic-pro\dark basic public shared\dark basic pro sdk\darksdk\convmd3\debug\cerror.obj
d:\my projects\dark-basic-pro\dark basic public shared\dark basic pro sdk\darksdk\convmd3\debug\nvmeshmenderd3dx.obj
d:\my projects\dark-basic-pro\dark basic public shared\dark basic pro sdk\darksdk\convmd3\debug\dboexternals.obj
d:\my projects\dark-basic-pro\dark basic public shared\dark basic pro sdk\darksdk\convmd3\debug\convmd3.obj
d:\my projects\dark-basic-pro\dark basic public shared\dark basic pro sdk\darksdk\convmd3\debug\dborawmesh.obj
d:\my projects\dark-basic-pro\dark basic public shared\dark basic pro sdk\darksdk\convmd3\debug\dbomesh.obj
d:\my projects\dark-basic-pro\dark basic public shared\dark basic pro sdk\darksdk\convmd3\debug\dboframe.obj
d:\my projects\dark-basic-pro\dark basic public shared\dark basic pro sdk\darksdk\convmd3\debug\dboformat.obj
d:\my projects\dark-basic-pro\dark basic public shared\dark basic pro sdk\darksdk\convmd3\debug\dbofile.obj
d:\my projects\dark-basic-pro\dark basic public shared\dark basic pro sdk\darksdk\convmd3\debug\dboeffects.obj
d:\my projects\dark-basic-pro\dark basic public shared\dark basic pro sdk\darksdk\convmd3\debug\dbodata.obj
d:\my projects\dark-basic-pro\dark basic public shared\dark basic pro sdk\darksdk\convmd3\debug\dboblock.obj
d:\my projects\dark-basic-pro\install\compiler\plugins\convmd3.dll
d:\my projects\dark-basic-pro\dark basic public shared\dark basic pro sdk\darksdk\convmd3\debug\convmd3.pdb
d:\my projects\dark-basic-pro\dark basic public shared\dark basic pro sdk\darksdk\convmd3\debug\convmd3.lib
d:\my projects\dark-basic-pro\dark basic public shared\dark basic pro sdk\darksdk\convmd3\debug\convmd3.exp
d:\my projects\dark-basic-pro\dark basic public shared\dark basic pro sdk\darksdk\convmd3\debug\convmd3.vcxproj.filelistabsolute.txt
d:\my projects\dark-basic-pro\dark basic public shared\dark basic pro sdk\darksdk\convmd3\debug\convmd3.tlog\cl.command.1.tlog
d:\my projects\dark-basic-pro\dark basic public shared\dark basic pro sdk\darksdk\convmd3\debug\convmd3.tlog\cl.items.tlog
d:\my projects\dark-basic-pro\dark basic public shared\dark basic pro sdk\darksdk\convmd3\debug\convmd3.tlog\cl.read.1.tlog
d:\my projects\dark-basic-pro\dark basic public shared\dark basic pro sdk\darksdk\convmd3\debug\convmd3.tlog\cl.write.1.tlog
d:\my projects\dark-basic-pro\dark basic public shared\dark basic pro sdk\darksdk\convmd3\debug\convmd3.tlog\link.command.1.tlog
d:\my projects\dark-basic-pro\dark basic public shared\dark basic pro sdk\darksdk\convmd3\debug\convmd3.tlog\link.read.1.tlog
d:\my projects\dark-basic-pro\dark basic public shared\dark basic pro sdk\darksdk\convmd3\debug\convmd3.tlog\link.write.1.tlog
d:\my projects\dark-basic-pro\dark basic public shared\dark basic pro sdk\darksdk\convmd3\debug\convmd3.tlog\link.write.2u.tlog
