d:\my projects\dark-basic-pro\dark basic public shared\dark basic pro sdk\darksdk\bitmap\debug\vc143.pdb
d:\my projects\dark-basic-pro\dark basic public shared\dark basic pro sdk\darksdk\bitmap\debug\steamcheckforworkshop.obj
d:\my projects\dark-basic-pro\dark basic public shared\dark basic pro sdk\darksdk\bitmap\debug\cbitmapc.obj
d:\my projects\dark-basic-pro\dark basic public shared\dark basic pro sdk\darksdk\bitmap\debug\cerror.obj
d:\my projects\dark-basic-pro\dark basic public shared\dark basic pro sdk\darksdk\bitmap\debug\dllmain.obj
d:\my projects\dark-basic-pro\install\compiler\plugins\dbprobitmapdebug.dll
d:\my projects\dark-basic-pro\dark basic public shared\dark basic pro sdk\darksdk\bitmap\debug\dbprobitmapdebug.pdb
d:\my projects\dark-basic-pro\dark basic public shared\dark basic pro sdk\darksdk\bitmap\debug\dbprobitmapdebug.lib
d:\my projects\dark-basic-pro\dark basic public shared\dark basic pro sdk\darksdk\bitmap\debug\dbprobitmapdebug.exp
d:\my projects\dark-basic-pro\dark basic public shared\dark basic pro sdk\darksdk\bitmap\debug\bitmap.res
d:\my projects\dark-basic-pro\dark basic public shared\dark basic pro sdk\darksdk\bitmap\debug\bitmap.vcxproj.filelistabsolute.txt
d:\my projects\dark-basic-pro\dark basic public shared\dark basic pro sdk\darksdk\bitmap\debug\bitmap.tlog\cl.command.1.tlog
d:\my projects\dark-basic-pro\dark basic public shared\dark basic pro sdk\darksdk\bitmap\debug\bitmap.tlog\cl.items.tlog
d:\my projects\dark-basic-pro\dark basic public shared\dark basic pro sdk\darksdk\bitmap\debug\bitmap.tlog\cl.read.1.tlog
d:\my projects\dark-basic-pro\dark basic public shared\dark basic pro sdk\darksdk\bitmap\debug\bitmap.tlog\cl.write.1.tlog
d:\my projects\dark-basic-pro\dark basic public shared\dark basic pro sdk\darksdk\bitmap\debug\bitmap.tlog\link.command.1.tlog
d:\my projects\dark-basic-pro\dark basic public shared\dark basic pro sdk\darksdk\bitmap\debug\bitmap.tlog\link.read.1.tlog
d:\my projects\dark-basic-pro\dark basic public shared\dark basic pro sdk\darksdk\bitmap\debug\bitmap.tlog\link.write.1.tlog
d:\my projects\dark-basic-pro\dark basic public shared\dark basic pro sdk\darksdk\bitmap\debug\bitmap.tlog\link.write.2u.tlog
d:\my projects\dark-basic-pro\dark basic public shared\dark basic pro sdk\darksdk\bitmap\debug\bitmap.tlog\rc.command.1.tlog
d:\my projects\dark-basic-pro\dark basic public shared\dark basic pro sdk\darksdk\bitmap\debug\bitmap.tlog\rc.read.1.tlog
d:\my projects\dark-basic-pro\dark basic public shared\dark basic pro sdk\darksdk\bitmap\debug\bitmap.tlog\rc.write.1.tlog
